Component: ARM Compiler 5.06 update 2 (build 183) Tool: armlink [4d35b7]

==============================================================================

Section Cross References

    main.o(i.USART3_IRQHandler) refers to strcmpv7m_pel.o(.text) for strcmp
    main.o(i.USART3_IRQHandler) refers to queue.o(i.xQueueGiveFromISR) for xQueueGiveFromISR
    main.o(i.USART3_IRQHandler) refers to main.o(i.USART3_send_srt) for USART3_send_srt
    main.o(i.USART3_IRQHandler) refers to rt_memclr.o(.text) for __aeabi_memclr
    main.o(i.USART3_IRQHandler) refers to main.o(.bss) for byte_rx
    main.o(i.USART3_IRQHandler) refers to main.o(.data) for uart3_rx_bit
    main.o(i.USART3_send_srt) refers to main.o(i.USART3_send_byte) for USART3_send_byte
    main.o(i.main) refers to main.o(i.RCC_Init) for RCC_Init
    main.o(i.main) refers to main.o(i.Init_LEDs) for Init_LEDs
    main.o(i.main) refers to main.o(i.Init_USART3) for Init_USART3
    main.o(i.main) refers to queue.o(i.xQueueGenericCreate) for xQueueGenericCreate
    main.o(i.main) refers to queue.o(i.xQueueGenericSend) for xQueueGenericSend
    main.o(i.main) refers to queue.o(i.xQueueSemaphoreTake) for xQueueSemaphoreTake
    main.o(i.main) refers to tasks.o(i.xTaskCreate) for xTaskCreate
    main.o(i.main) refers to tasks.o(i.vTaskStartScheduler) for vTaskStartScheduler
    main.o(i.main) refers to main.o(.data) for xSemaphore
    main.o(i.main) refers to main.o(i.vTaskLedRed) for vTaskLedRed
    main.o(i.main) refers to main.o(i.vTaskLedBlue) for vTaskLedBlue
    main.o(i.vSystemTSK) refers to tasks.o(i.vTaskDelay) for vTaskDelay
    main.o(i.vTaskLedBlue) refers to queue.o(i.xQueueSemaphoreTake) for xQueueSemaphoreTake
    main.o(i.vTaskLedBlue) refers to main.o(i.USART3_send_srt) for USART3_send_srt
    main.o(i.vTaskLedBlue) refers to tasks.o(i.vTaskDelay) for vTaskDelay
    main.o(i.vTaskLedBlue) refers to main.o(.data) for xSemaphore
    main.o(i.vTaskLedRed) refers to tasks.o(i.vTaskDelay) for vTaskDelay
    event_groups.o(i.vEventGroupClearBitsCallback) refers to event_groups.o(i.xEventGroupClearBits) for xEventGroupClearBits
    event_groups.o(i.vEventGroupDelete) refers to tasks.o(i.vTaskSuspendAll) for vTaskSuspendAll
    event_groups.o(i.vEventGroupDelete) refers to tasks.o(i.vTaskRemoveFromUnorderedEventList) for vTaskRemoveFromUnorderedEventList
    event_groups.o(i.vEventGroupDelete) refers to heap_1.o(i.vPortFree) for vPortFree
    event_groups.o(i.vEventGroupDelete) refers to tasks.o(i.xTaskResumeAll) for xTaskResumeAll
    event_groups.o(i.vEventGroupSetBitsCallback) refers to event_groups.o(i.xEventGroupSetBits) for xEventGroupSetBits
    event_groups.o(i.xEventGroupClearBits) refers to port.o(i.vPortEnterCritical) for vPortEnterCritical
    event_groups.o(i.xEventGroupClearBits) refers to port.o(i.vPortExitCritical) for vPortExitCritical
    event_groups.o(i.xEventGroupCreate) refers to heap_1.o(i.pvPortMalloc) for pvPortMalloc
    event_groups.o(i.xEventGroupCreate) refers to list.o(i.vListInitialise) for vListInitialise
    event_groups.o(i.xEventGroupSetBits) refers to tasks.o(i.vTaskSuspendAll) for vTaskSuspendAll
    event_groups.o(i.xEventGroupSetBits) refers to tasks.o(i.vTaskRemoveFromUnorderedEventList) for vTaskRemoveFromUnorderedEventList
    event_groups.o(i.xEventGroupSetBits) refers to tasks.o(i.xTaskResumeAll) for xTaskResumeAll
    event_groups.o(i.xEventGroupSync) refers to tasks.o(i.vTaskSuspendAll) for vTaskSuspendAll
    event_groups.o(i.xEventGroupSync) refers to event_groups.o(i.xEventGroupSetBits) for xEventGroupSetBits
    event_groups.o(i.xEventGroupSync) refers to tasks.o(i.vTaskPlaceOnUnorderedEventList) for vTaskPlaceOnUnorderedEventList
    event_groups.o(i.xEventGroupSync) refers to tasks.o(i.xTaskResumeAll) for xTaskResumeAll
    event_groups.o(i.xEventGroupSync) refers to tasks.o(i.uxTaskResetEventItemValue) for uxTaskResetEventItemValue
    event_groups.o(i.xEventGroupSync) refers to port.o(i.vPortEnterCritical) for vPortEnterCritical
    event_groups.o(i.xEventGroupSync) refers to port.o(i.vPortExitCritical) for vPortExitCritical
    event_groups.o(i.xEventGroupWaitBits) refers to tasks.o(i.vTaskSuspendAll) for vTaskSuspendAll
    event_groups.o(i.xEventGroupWaitBits) refers to event_groups.o(i.prvTestWaitCondition) for prvTestWaitCondition
    event_groups.o(i.xEventGroupWaitBits) refers to tasks.o(i.vTaskPlaceOnUnorderedEventList) for vTaskPlaceOnUnorderedEventList
    event_groups.o(i.xEventGroupWaitBits) refers to tasks.o(i.xTaskResumeAll) for xTaskResumeAll
    event_groups.o(i.xEventGroupWaitBits) refers to tasks.o(i.uxTaskResetEventItemValue) for uxTaskResetEventItemValue
    event_groups.o(i.xEventGroupWaitBits) refers to port.o(i.vPortEnterCritical) for vPortEnterCritical
    event_groups.o(i.xEventGroupWaitBits) refers to port.o(i.vPortExitCritical) for vPortExitCritical
    port.o(.emb_text) refers to tasks.o(i.vTaskSwitchContext) for vTaskSwitchContext
[...]
    __rtentry.o(.ARM.Collect$$rtentry$$00000000) refers (Special) to __rtentry2.o(.ARM.Collect$$rtentry$$0000000C) for __rt_entry_postli_1
    __rtentry.o(.ARM.Collect$$rtentry$$00000000) refers (Special) to __rtentry2.o(.ARM.Collect$$rtentry$$00000009) for __rt_entry_postsh_1
    __rtentry.o(.ARM.Collect$$rtentry$$00000000) refers (Special) to __rtentry2.o(.ARM.Collect$$rtentry$$00000002) for __rt_entry_presh_1
    __rtentry.o(.ARM.Collect$$rtentry$$00000000) refers (Special) to __rtentry4.o(.ARM.Collect$$rtentry$$00000004) for __rt_entry_sh
    __rtentry2.o(.ARM.Collect$$rtentry$$00000008) refers to boardinit2.o(.text) for _platform_post_stackheap_init
    __rtentry2.o(.ARM.Collect$$rtentry$$0000000A) refers to libinit.o(.ARM.Collect$$libinit$$00000000) for __rt_lib_init
    __rtentry2.o(.ARM.Collect$$rtentry$$0000000B) refers to boardinit3.o(.text) for _platform_post_lib_init
    __rtentry2.o(.ARM.Collect$$rtentry$$0000000D) refers to main.o(i.main) for main
    __rtentry2.o(.ARM.Collect$$rtentry$$0000000D) refers to exit.o(.text) for exit
    __rtentry2.o(.ARM.exidx) refers to __rtentry2.o(.ARM.Collect$$rtentry$$00000001) for .ARM.Collect$$rtentry$$00000001
    __rtentry2.o(.ARM.exidx) refers to __rtentry2.o(.ARM.Collect$$rtentry$$00000008) for .ARM.Collect$$rtentry$$00000008
    __rtentry2.o(.ARM.exidx) refers to __rtentry2.o(.ARM.Collect$$rtentry$$0000000A) for .ARM.Collect$$rtentry$$0000000A
    __rtentry2.o(.ARM.exidx) refers to __rtentry2.o(.ARM.Collect$$rtentry$$0000000B) for .ARM.Collect$$rtentry$$0000000B
    __rtentry2.o(.ARM.exidx) refers to __rtentry2.o(.ARM.Collect$$rtentry$$0000000D) for .ARM.Collect$$rtentry$$0000000D
    __rtentry4.o(.ARM.Collect$$rtentry$$00000004) refers to sys_stackheap_outer.o(.text) for __user_setup_stackheap
    __rtentry4.o(.ARM.exidx) refers to __rtentry4.o(.ARM.Collect$$rtentry$$00000004) for .ARM.Collect$$rtentry$$00000004
    sys_stackheap_outer.o(.text) refers to libspace.o(.text) for __user_perproc_libspace
    sys_stackheap_outer.o(.text) refers to startup_stm32f746xx.o(.text) for __user_initial_stackheap
    exit.o(.text) refers to rtexit.o(.ARM.Collect$$rtexit$$00000000) for __rt_exit
    libinit.o(.ARM.Collect$$libinit$$00000000) refers (Special) to libinit2.o(.ARM.Collect$$libinit$$0000002E) for __rt_lib_init_alloca_1
    libinit.o(.ARM.Collect$$libinit$$00000000) refers (Special) to libinit2.o(.ARM.Collect$$libinit$$0000002C) for __rt_lib_init_argv_1
    libinit.o(.ARM.Collect$$libinit$$00000000) refers (Special) to libinit2.o(.ARM.Collect$$libinit$$0000001B) for __rt_lib_init_atexit_1
    libinit.o(.ARM.Collect$$libinit$$00000000) refers (Special) to libinit2.o(.ARM.Collect$$libinit$$00000021) for __rt_lib_init_clock_1
    libinit.o(.ARM.Collect$$libinit$$00000000) refers (Special) to libinit2.o(.ARM.Collect$$libinit$$00000032) for __rt_lib_init_cpp_1
    libinit.o(.ARM.Collect$$libinit$$00000000) refers (Special) to libinit2.o(.ARM.Collect$$libinit$$00000030) for __rt_lib_init_exceptions_1
    libinit.o(.ARM.Collect$$libinit$$00000000) refers (Special) to libinit2.o(.ARM.Collect$$libinit$$00000001) for __rt_lib_init_fp_1
    libinit.o(.ARM.Collect$$libinit$$00000000) refers (Special) to libinit2.o(.ARM.Collect$$libinit$$0000001F) for __rt_lib_init_fp_trap_1
    libinit.o(.ARM.Collect$$libinit$$00000000) refers (Special) to libinit2.o(.ARM.Collect$$libinit$$00000023) for __rt_lib_init_getenv_1
    libinit.o(.ARM.Collect$$libinit$$00000000) refers (Special) to libinit2.o(.ARM.Collect$$libinit$$0000000A) for __rt_lib_init_heap_1
    libinit.o(.ARM.Collect$$libinit$$00000000) refers (Special) to libinit2.o(.ARM.Collect$$libinit$$00000011) for __rt_lib_init_lc_collate_1
    libinit.o(.ARM.Collect$$libinit$$00000000) refers (Special) to libinit2.o(.ARM.Collect$$libinit$$00000013) for __rt_lib_init_lc_ctype_1
    libinit.o(.ARM.Collect$$libinit$$00000000) refers (Special) to libinit2.o(.ARM.Collect$$libinit$$00000015) for __rt_lib_init_lc_monetary_1
    libinit.o(.ARM.Collect$$libinit$$00000000) refers (Special) to libinit2.o(.ARM.Collect$$libinit$$00000017) for __rt_lib_init_lc_numeric_1
    libinit.o(.ARM.Collect$$libinit$$00000000) refers (Special) to libinit2.o(.ARM.Collect$$libinit$$00000019) for __rt_lib_init_lc_time_1
    libinit.o(.ARM.Collect$$libinit$$00000000) refers (Special) to libinit2.o(.ARM.Collect$$libinit$$00000004) for __rt_lib_init_preinit_1
    libinit.o(.ARM.Collect$$libinit$$00000000) refers (Special) to libinit2.o(.ARM.Collect$$libinit$$0000000E) for __rt_lib_init_rand_1
    libinit.o(.ARM.Collect$$libinit$$00000000) refers (Special) to libinit2.o(.ARM.Collect$$libinit$$00000033) for __rt_lib_init_return
    libinit.o(.ARM.Collect$$libinit$$00000000) refers (Special) to libinit2.o(.ARM.Collect$$libinit$$0000001D) for __rt_lib_init_signal_1
    libinit.o(.ARM.Collect$$libinit$$00000000) refers (Special) to libinit2.o(.ARM.Collect$$libinit$$00000025) for __rt_lib_init_stdio_1
    libinit.o(.ARM.Collect$$libinit$$00000000) refers (Special) to libinit2.o(.ARM.Collect$$libinit$$0000000C) for __rt_lib_init_user_alloc_1
    libspace.o(.text) refers to libspace.o(.bss) for __libspace_start
    rtexit.o(.ARM.Collect$$rtexit$$00000000) refers (Special) to rtexit2.o(.ARM.Collect$$rtexit$$00000004) for __rt_exit_exit
    rtexit.o(.ARM.Collect$$rtexit$$00000000) refers (Special) to rtexit2.o(.ARM.Collect$$rtexit$$00000003) for __rt_exit_ls
    rtexit.o(.ARM.Collect$$rtexit$$00000000) refers (Special) to rtexit2.o(.ARM.Collect$$rtexit$$00000002) for __rt_exit_prels_1
    rtexit.o(.ARM.exidx) refers (Special) to rtexit2.o(.ARM.Collect$$rtexit$$00000004) for __rt_exit_exit
    rtexit.o(.ARM.exidx) refers (Special) to rtexit2.o(.ARM.Collect$$rtexit$$00000003) for __rt_exit_ls
    rtexit.o(.ARM.exidx) refers (Special) to rtexit2.o(.ARM.Collect$$rtexit$$00000002) for __rt_exit_prels_1
    rtexit.o(.ARM.exidx) refers to rtexit.o(.ARM.Collect$$rtexit$$00000000) for .ARM.Collect$$rtexit$$00000000
    libinit2.o(.ARM.Collect$$libinit$$00000001) refers to fpinit.o(x$fpl$fpinit) for _fp_init
    libinit2.o(.ARM.Collect$$libinit$$00000010) refers to libinit2.o(.ARM.Collect$$libinit$$0000000F) for .ARM.Collect$$libinit$$0000000F
    libinit2.o(.ARM.Collect$$libinit$$00000012) refers to libinit2.o(.ARM.Collect$$libinit$$0000000F) for .ARM.Collect$$libinit$$0000000F
    libinit2.o(.ARM.Collect$$libinit$$00000014) refers to libinit2.o(.ARM.Collect$$libinit$$0000000F) for .ARM.Collect$$libinit$$0000000F
    libinit2.o(.ARM.Collect$$libinit$$00000016) refers to libinit2.o(.ARM.Collect$$libinit$$0000000F) for .ARM.Collect$$libinit$$0000000F
    libinit2.o(.ARM.Collect$$libinit$$00000018) refers to libinit2.o(.ARM.Collect$$libinit$$0000000F) for .ARM.Collect$$libinit$$0000000F
    libinit2.o(.ARM.Collect$$libinit$$00000026) refers to argv_veneer.o(.emb_text) for __ARM_argv_veneer
    libinit2.o(.ARM.Collect$$libinit$$00000027) refers to argv_veneer.o(.emb_text) for __ARM_argv_veneer
    rtexit2.o(.ARM.Collect$$rtexit$$00000003) refers to libshutdown.o(.ARM.Collect$$libshutdown$$00000000) for __rt_lib_shutdown
    rtexit2.o(.ARM.Collect$$rtexit$$00000004) refers to sys_exit.o(.text) for _sys_exit
    rtexit2.o(.ARM.exidx) refers to rtexit2.o(.ARM.Collect$$rtexit$$00000001) for .ARM.Collect$$rtexit$$00000001
    rtexit2.o(.ARM.exidx) refers to rtexit2.o(.ARM.Collect$$rtexit$$00000003) for .ARM.Collect$$rtexit$$00000003
    rtexit2.o(.ARM.exidx) refers to rtexit2.o(.ARM.Collect$$rtexit$$00000004) for .ARM.Collect$$rtexit$$00000004
    argv_veneer.o(.emb_text) refers to no_argv.o(.text) for __ARM_get_argv
    sys_exit.o(.text) refers (Special) to use_no_semi.o(.text) for __I$use$semihosting
    sys_exit.o(.text) refers (Special) to indicate_semi.o(.text) for __semihosting_library_function
    _get_argv_nomalloc.o(.text) refers (Special) to hrguard.o(.text) for __heap_region$guard
    _get_argv_nomalloc.o(.text) refers to defsig_rtmem_outer.o(.text) for __rt_SIGRTMEM
    _get_argv_nomalloc.o(.text) refers to sys_command.o(.text) for _sys_command_string
    libshutdown.o(.ARM.Collect$$libshutdown$$00000000) refers (Special) to libshutdown2.o(.ARM.Collect$$libshutdown$$00000002) for __rt_lib_shutdown_cpp_1
    libshutdown.o(.ARM.Collect$$libshutdown$$00000000) refers (Special) to libshutdown2.o(.ARM.Collect$$libshutdown$$00000007) for __rt_lib_shutdown_fp_trap_1
    libshutdown.o(.ARM.Collect$$libshutdown$$00000000) refers (Special) to libshutdown2.o(.ARM.Collect$$libshutdown$$0000000F) for __rt_lib_shutdown_heap_1
    libshutdown.o(.ARM.Collect$$libshutdown$$00000000) refers (Special) to libshutdown2.o(.ARM.Collect$$libshutdown$$00000010) for __rt_lib_shutdown_return
    libshutdown.o(.ARM.Collect$$libshutdown$$00000000) refers (Special) to libshutdown2.o(.ARM.Collect$$libshutdown$$0000000A) for __rt_lib_shutdown_signal_1
    libshutdown.o(.ARM.Collect$$libshutdown$$00000000) refers (Special) to libshutdown2.o(.ARM.Collect$$libshutdown$$00000004) for __rt_lib_shutdown_stdio_1
    libshutdown.o(.ARM.Collect$$libshutdown$$00000000) refers (Special) to libshutdown2.o(.ARM.Collect$$libshutdown$$0000000C) for __rt_lib_shutdown_user_alloc_1
    sys_command.o(.text) refers (Special) to use_no_semi.o(.text) for __I$use$semihosting
    sys_command.o(.text) refers (Special) to indicate_semi.o(.text) for __semihosting_library_function
    defsig_rtmem_outer.o(.text) refers to defsig_rtmem_inner.o(.text) for __rt_SIGRTMEM_inner
    defsig_rtmem_outer.o(.text) refers to defsig_exit.o(.text) for __sig_exit
    defsig_rtmem_formal.o(.text) refers to rt_raise.o(.text) for __rt_raise
    rt_raise.o(.text) refers to __raise.o(.text) for __raise
    rt_raise.o(.text) refers to sys_exit.o(.text) for _sys_exit
    defsig_exit.o(.text) refers to sys_exit.o(.text) for _sys_exit
    defsig_rtmem_inner.o(.text) refers to defsig_general.o(.text) for __default_signal_display
    __raise.o(.text) refers to defsig.o(CL$$defsig) for __default_signal_handler
    defsig_general.o(.text) refers to sys_wrch.o(.text) for _ttywrch
    sys_wrch.o(.text) refers (Special) to use_no_semi.o(.text) for __I$use$semihosting
    sys_wrch.o(.text) refers (Special) to indicate_semi.o(.text) for __semihosting_library_function
    defsig.o(CL$$defsig) refers to defsig_rtmem_inner.o(.text) for __rt_SIGRTMEM_inner
    defsig_abrt_inner.o(.text) refers to defsig_general.o(.text) for __default_signal_display
    defsig_fpe_inner.o(.text) refers to defsig_general.o(.text) for __default_signal_display
    defsig_rtred_inner.o(.text) refers to defsig_general.o(.text) for __default_signal_display
    defsig_stak_inner.o(.text) refers to defsig_general.o(.text) for __default_signal_display
    defsig_pvfn_inner.o(.text) refers to defsig_general.o(.text) for __default_signal_display
    defsig_cppl_inner.o(.text) refers to defsig_general.o(.text) for __default_signal_display
    defsig_segv_inner.o(.text) refers to defsig_general.o(.text) for __default_signal_display
    defsig_other.o(.text) refers to defsig_general.o(.text) for __default_signal_display


==============================================================================

Removing Unused input sections from the image.

    Removing main.o(.rev16_text), (4 bytes).
    Removing main.o(.revsh_text), (4 bytes).
    Removing main.o(.rrx_text), (6 bytes).
    Removing main.o(i.Init_GPIO), (88 bytes).
    Removing main.o(i.vSystemTSK), (48 bytes).
    Removing event_groups.o(i.prvTestWaitCondition), (30 bytes).
    Removing event_groups.o(i.vEventGroupClearBitsCallback), (16 bytes).
    Removing event_groups.o(i.vEventGroupDelete), (42 bytes).
    Removing event_groups.o(i.vEventGroupSetBitsCallback), (16 bytes).
    Removing event_groups.o(i.xEventGroupClearBits), (32 bytes).
    Removing event_groups.o(i.xEventGroupCreate), (26 bytes).
    Removing event_groups.o(i.xEventGroupGetBitsFromISR), (48 bytes).
    Removing event_groups.o(i.xEventGroupSetBits), (146 bytes).
    Removing event_groups.o(i.xEventGroupSync), (168 bytes).
    Removing event_groups.o(i.xEventGroupWaitBits), (204 bytes).
    Removing port.o(i.vPortEndScheduler), (2 bytes).
    Removing queue.o(i.prvCopyDataFromQueue), (42 bytes).
    Removing queue.o(i.prvInitialiseMutex), (30 bytes).
    Removing queue.o(i.uxQueueMessagesWaiting), (18 bytes).
    Removing queue.o(i.uxQueueMessagesWaitingFromISR), (8 bytes).
    Removing queue.o(i.uxQueueSpacesAvailable), (24 bytes).
    Removing queue.o(i.vQueueDelete), (14 bytes).
    Removing queue.o(i.xQueueCreateMutex), (34 bytes).
    Removing queue.o(i.xQueueGenericSendFromISR), (138 bytes).
    Removing queue.o(i.xQueueIsQueueEmptyFromISR), (16 bytes).
    Removing queue.o(i.xQueueIsQueueFullFromISR), (22 bytes).
    Removing queue.o(i.xQueuePeek), (268 bytes).
    Removing queue.o(i.xQueuePeekFromISR), (78 bytes).
    Removing queue.o(i.xQueueReceive), (260 bytes).
    Removing queue.o(i.xQueueReceiveFromISR), (134 bytes).
    Removing stream_buffer.o(i.prvBytesInBuffer), (24 bytes).
    Removing stream_buffer.o(i.prvInitialiseNewStreamBuffer), (38 bytes).
    Removing stream_buffer.o(i.prvReadBytesFromBuffer), (94 bytes).
    Removing stream_buffer.o(i.prvReadMessageFromBuffer), (72 bytes).
    Removing stream_buffer.o(i.prvWriteBytesToBuffer), (78 bytes).
    Removing stream_buffer.o(i.prvWriteMessageToBuffer), (92 bytes).
    Removing stream_buffer.o(i.vStreamBufferDelete), (32 bytes).
    Removing stream_buffer.o(i.xStreamBufferBytesAvailable), (18 bytes).
    Removing stream_buffer.o(i.xStreamBufferGenericCreate), (62 bytes).
    Removing stream_buffer.o(i.xStreamBufferIsEmpty), (22 bytes).
    Removing stream_buffer.o(i.xStreamBufferIsFull), (40 bytes).
    Removing stream_buffer.o(i.xStreamBufferNextMessageLengthBytes), (64 bytes).
    Removing stream_buffer.o(i.xStreamBufferReceive), (168 bytes).
    Removing stream_buffer.o(i.xStreamBufferReceiveCompletedFromISR), (82 bytes).
    Removing stream_buffer.o(i.xStreamBufferReceiveFromISR), (136 bytes).
    Removing stream_buffer.o(i.xStreamBufferReset), (46 bytes).
    Removing stream_buffer.o(i.xStreamBufferSend), (190 bytes).
    Removing stream_buffer.o(i.xStreamBufferSendCompletedFromISR), (82 bytes).
    Removing stream_buffer.o(i.xStreamBufferSendFromISR), (136 bytes).
    Removing stream_buffer.o(i.xStreamBufferSetTriggerLevel), (26 bytes).
    Removing stream_buffer.o(i.xStreamBufferSpacesAvailable), (30 bytes).
    Removing tasks.o(i.pcTaskGetName), (24 bytes).
    Removing tasks.o(i.prvTaskIsTaskSuspended), (64 bytes).
    Removing tasks.o(i.ulTaskNotifyTake), (116 bytes).
    Removing tasks.o(i.uxTaskGetNumberOfTasks), (12 bytes).
    Removing tasks.o(i.uxTaskPriorityGet), (36 bytes).
    Removing tasks.o(i.uxTaskPriorityGetFromISR), (60 bytes).
    Removing tasks.o(i.uxTaskResetEventItemValue), (28 bytes).
    Removing tasks.o(i.vTaskDelayUntil), (116 bytes).
    Removing tasks.o(i.vTaskDelete), (204 bytes).
    Removing tasks.o(i.vTaskEndScheduler), (40 bytes).
    Removing tasks.o(i.vTaskNotifyGiveFromISR), (180 bytes).
    Removing tasks.o(i.vTaskPlaceOnUnorderedEventList), (44 bytes).
    Removing tasks.o(i.vTaskPrioritySet), (244 bytes).
    Removing tasks.o(i.vTaskRemoveFromUnorderedEventList), (100 bytes).
    Removing tasks.o(i.vTaskResume), (120 bytes).
    Removing tasks.o(i.vTaskSetTimeOutState), (36 bytes).
    Removing tasks.o(i.vTaskSuspend), (204 bytes).
    Removing tasks.o(i.xTaskGenericNotify), (196 bytes).
    Removing tasks.o(i.xTaskGenericNotifyFromISR), (256 bytes).
    Removing tasks.o(i.xTaskGetCurrentTaskHandle), (12 bytes).
    Removing tasks.o(i.xTaskGetTickCount), (12 bytes).
    Removing tasks.o(i.xTaskGetTickCountFromISR), (12 bytes).
    Removing tasks.o(i.xTaskNotifyStateClear), (52 bytes).
    Removing tasks.o(i.xTaskNotifyWait), (160 bytes).
    Removing tasks.o(i.xTaskResumeFromISR), (156 bytes).
    Removing heap_1.o(i.vPortInitialiseBlocks), (12 bytes).
    Removing heap_1.o(i.xPortGetFreeHeapSize), (16 bytes).
    Removing stm32f7xx_ll_exti.o(.rev16_text), (4 bytes).
    Removing stm32f7xx_ll_exti.o(.revsh_text), (4 bytes).
    Removing stm32f7xx_ll_exti.o(.rrx_text), (6 bytes).
    Removing stm32f7xx_ll_exti.o(i.LL_EXTI_DeInit), (40 bytes).
    Removing stm32f7xx_ll_exti.o(i.LL_EXTI_DisableEvent_0_31), (16 bytes).
    Removing stm32f7xx_ll_exti.o(i.LL_EXTI_DisableIT_0_31), (16 bytes).
    Removing stm32f7xx_ll_exti.o(i.LL_EXTI_EnableEvent_0_31), (16 bytes).
    Removing stm32f7xx_ll_exti.o(i.LL_EXTI_EnableFallingTrig_0_31), (16 bytes).
    Removing stm32f7xx_ll_exti.o(i.LL_EXTI_EnableIT_0_31), (16 bytes).
    Removing stm32f7xx_ll_exti.o(i.LL_EXTI_EnableRisingTrig_0_31), (16 bytes).
    Removing stm32f7xx_ll_exti.o(i.LL_EXTI_Init), (188 bytes).
    Removing stm32f7xx_ll_exti.o(i.LL_EXTI_StructInit), (14 bytes).
    Removing stm32f7xx_ll_gpio.o(.rev16_text), (4 bytes).
    Removing stm32f7xx_ll_gpio.o(.revsh_text), (4 bytes).
    Removing stm32f7xx_ll_gpio.o(.rrx_text), (6 bytes).
    Removing stm32f7xx_ll_gpio.o(i.LL_AHB1_GRP1_ForceReset), (16 bytes).
    Removing stm32f7xx_ll_gpio.o(i.LL_AHB1_GRP1_ReleaseReset), (16 bytes).
    Removing stm32f7xx_ll_gpio.o(i.LL_GPIO_DeInit), (276 bytes).
    Removing stm32f7xx_ll_gpio.o(i.LL_GPIO_Init), (324 bytes).
    Removing stm32f7xx_ll_gpio.o(i.LL_GPIO_StructInit), (22 bytes).
    Removing stm32f7xx_ll_rcc.o(.rev16_text), (4 bytes).
    Removing stm32f7xx_ll_rcc.o(.revsh_text), (4 bytes).
    Removing stm32f7xx_ll_rcc.o(.rrx_text), (6 bytes).
    Removing stm32f7xx_ll_rcc.o(i.LL_RCC_DeInit), (188 bytes).
    Removing stm32f7xx_ll_rcc.o(i.LL_RCC_GetCECClockFreq), (60 bytes).
    Removing stm32f7xx_ll_rcc.o(i.LL_RCC_GetI2CClockFreq), (316 bytes).
    Removing stm32f7xx_ll_rcc.o(i.LL_RCC_GetI2CClockSource), (20 bytes).
    Removing stm32f7xx_ll_rcc.o(i.LL_RCC_GetI2SClockFreq), (64 bytes).
    Removing stm32f7xx_ll_rcc.o(i.LL_RCC_GetLPTIMClockFreq), (128 bytes).
    Removing stm32f7xx_ll_rcc.o(i.LL_RCC_GetLTDCClockFreq), (22 bytes).
    Removing stm32f7xx_ll_rcc.o(i.LL_RCC_GetRNGClockFreq), (64 bytes).
    Removing stm32f7xx_ll_rcc.o(i.LL_RCC_GetSAIClockFreq), (150 bytes).
    Removing stm32f7xx_ll_rcc.o(i.LL_RCC_GetSAIClockSource), (20 bytes).
    Removing stm32f7xx_ll_rcc.o(i.LL_RCC_GetSDMMCClockFreq), (112 bytes).
    Removing stm32f7xx_ll_rcc.o(i.LL_RCC_GetSPDIFRXClockFreq), (22 bytes).
    Removing stm32f7xx_ll_rcc.o(i.LL_RCC_GetSystemClocksFreq), (36 bytes).
    Removing stm32f7xx_ll_rcc.o(i.LL_RCC_GetUARTClockFreq), (396 bytes).
    Removing stm32f7xx_ll_rcc.o(i.LL_RCC_GetUARTClockSource), (20 bytes).
    Removing stm32f7xx_ll_rcc.o(i.LL_RCC_GetUSARTClockFreq), (380 bytes).
    Removing stm32f7xx_ll_rcc.o(i.LL_RCC_GetUSARTClockSource), (20 bytes).
    Removing stm32f7xx_ll_rcc.o(i.LL_RCC_GetUSBClockFreq), (64 bytes).
    Removing stm32f7xx_ll_rcc.o(i.LL_RCC_HSI_IsReady), (16 bytes).
    Removing stm32f7xx_ll_rcc.o(i.LL_RCC_LSE_IsReady), (16 bytes).
    Removing stm32f7xx_ll_rcc.o(i.LL_RCC_PLLI2S_GetN), (16 bytes).
    Removing stm32f7xx_ll_rcc.o(i.LL_RCC_PLLI2S_IsReady), (16 bytes).
    Removing stm32f7xx_ll_rcc.o(i.LL_RCC_PLLSAI_GetN), (16 bytes).
    Removing stm32f7xx_ll_rcc.o(i.LL_RCC_PLLSAI_IsReady), (16 bytes).
    Removing stm32f7xx_ll_rcc.o(i.LL_RCC_PLL_GetDivider), (16 bytes).
    Removing stm32f7xx_ll_rcc.o(i.LL_RCC_PLL_GetMainSource), (16 bytes).
    Removing stm32f7xx_ll_rcc.o(i.LL_RCC_PLL_GetN), (16 bytes).
    Removing stm32f7xx_ll_rcc.o(i.LL_RCC_PLL_IsReady), (16 bytes).
    Removing stm32f7xx_ll_rcc.o(i.RCC_GetHCLKClockFreq), (32 bytes).
    Removing stm32f7xx_ll_rcc.o(i.RCC_GetPCLK1ClockFreq), (36 bytes).
    Removing stm32f7xx_ll_rcc.o(i.RCC_GetPCLK2ClockFreq), (36 bytes).
    Removing stm32f7xx_ll_rcc.o(i.RCC_GetSystemClockFreq), (64 bytes).
    Removing stm32f7xx_ll_rcc.o(i.RCC_PLLI2S_GetFreqDomain_I2S), (76 bytes).
    Removing stm32f7xx_ll_rcc.o(i.RCC_PLLI2S_GetFreqDomain_SAI), (96 bytes).
    Removing stm32f7xx_ll_rcc.o(i.RCC_PLLI2S_GetFreqDomain_SPDIFRX), (84 bytes).
    Removing stm32f7xx_ll_rcc.o(i.RCC_PLLSAI_GetFreqDomain_48M), (84 bytes).
    Removing stm32f7xx_ll_rcc.o(i.RCC_PLLSAI_GetFreqDomain_LTDC), (104 bytes).
    Removing stm32f7xx_ll_rcc.o(i.RCC_PLLSAI_GetFreqDomain_SAI), (100 bytes).
    Removing stm32f7xx_ll_rcc.o(i.RCC_PLL_GetFreqDomain_48M), (80 bytes).
    Removing stm32f7xx_ll_rcc.o(i.RCC_PLL_GetFreqDomain_SYS), (84 bytes).
    Removing stm32f7xx_ll_rcc.o(.constdata), (4 bytes).
    Removing stm32f7xx_ll_usart.o(.rev16_text), (4 bytes).
    Removing stm32f7xx_ll_usart.o(.revsh_text), (4 bytes).
    Removing stm32f7xx_ll_usart.o(.rrx_text), (6 bytes).
    Removing stm32f7xx_ll_usart.o(i.LL_APB1_GRP1_ForceReset), (16 bytes).
    Removing stm32f7xx_ll_usart.o(i.LL_APB1_GRP1_ReleaseReset), (16 bytes).
    Removing stm32f7xx_ll_usart.o(i.LL_APB2_GRP1_ForceReset), (16 bytes).
    Removing stm32f7xx_ll_usart.o(i.LL_APB2_GRP1_ReleaseReset), (16 bytes).
    Removing stm32f7xx_ll_usart.o(i.LL_USART_ClockInit), (66 bytes).
    Removing stm32f7xx_ll_usart.o(i.LL_USART_ClockStructInit), (12 bytes).
    Removing stm32f7xx_ll_usart.o(i.LL_USART_DeInit), (224 bytes).
    Removing stm32f7xx_ll_usart.o(i.LL_USART_Init), (332 bytes).
    Removing stm32f7xx_ll_usart.o(i.LL_USART_IsEnabled), (10 bytes).
    Removing stm32f7xx_ll_usart.o(i.LL_USART_StructInit), (26 bytes).
    Removing stm32f7xx_ll_usart.o(.constdata), (4 bytes).
    Removing system_stm32f7xx.o(.rev16_text), (4 bytes).
    Removing system_stm32f7xx.o(.revsh_text), (4 bytes).
    Removing system_stm32f7xx.o(.rrx_text), (6 bytes).
    Removing system_stm32f7xx.o(i.SystemCoreClockUpdate), (192 bytes).
    Removing system_stm32f7xx.o(.constdata), (24 bytes).
    Removing system_stm32f7xx.o(.data), (4 bytes).

162 unused section(s) (total 11152 bytes) removed from the image.

==============================================================================

Image Symbol Table

    Local Symbols

    Symbol Name                              Value     Ov Type        Size  Object(Section)

    ../clib/angel/boardlib.s                 0x00000000   Number         0  boardinit1.o ABSOLUTE
    ../clib/angel/boardlib.s                 0x00000000   Number         0  boardinit2.o ABSOLUTE
    ../clib/angel/boardlib.s                 0x00000000   Number         0  boardinit3.o ABSOLUTE
    ../clib/angel/boardlib.s                 0x00000000   Number         0  boardshut.o ABSOLUTE
    ../clib/angel/handlers.s                 0x00000000   Number         0  __scatter_zi.o ABSOLUTE
    ../clib/angel/handlers.s                 0x00000000   Number         0  __scatter_copy.o ABSOLUTE
    ../clib/angel/kernel.s                   0x00000000   Number         0  rtexit2.o ABSOLUTE
    ../clib/angel/kernel.s                   0x00000000   Number         0  rtexit.o ABSOLUTE
    ../clib/angel/kernel.s                   0x00000000   Number         0  __rtentry.o ABSOLUTE
    ../clib/angel/kernel.s                   0x00000000   Number         0  __rtentry2.o ABSOLUTE
    ../clib/angel/kernel.s                   0x00000000   Number         0  __rtentry4.o ABSOLUTE
    ../clib/angel/rt.s                       0x00000000   Number         0  rt_raise.o ABSOLUTE
    ../clib/angel/scatter.s                  0x00000000   Number         0  __scatter.o ABSOLUTE
    ../clib/angel/startup.s                  0x00000000   Number         0  __main.o ABSOLUTE
    ../clib/angel/sys.s                      0x00000000   Number         0  indicate_semi.o ABSOLUTE
    ../clib/angel/sys.s                      0x00000000   Number         0  libspace.o ABSOLUTE
    ../clib/angel/sys.s                      0x00000000   Number         0  use_no_semi.o ABSOLUTE
    ../clib/angel/sys.s                      0x00000000   Number         0  sys_stackheap_outer.o ABSOLUTE
    ../clib/angel/sysapp.c                   0x00000000   Number         0  sys_command.o ABSOLUTE
    ../clib/angel/sysapp.c                   0x00000000   Number         0  sys_wrch.o ABSOLUTE
    ../clib/angel/sysapp.c                   0x00000000   Number         0  sys_exit.o ABSOLUTE
    ../clib/armsys.c                         0x00000000   Number         0  argv_veneer.o ABSOLUTE
    ../clib/armsys.c                         0x00000000   Number         0  argv_veneer.o ABSOLUTE
    ../clib/armsys.c                         0x00000000   Number         0  _get_argv_nomalloc.o ABSOLUTE
    ../clib/armsys.c                         0x00000000   Number         0  no_argv.o ABSOLUTE
    ../clib/heapalloc.c                      0x00000000   Number         0  hrguard.o ABSOLUTE
    ../clib/heapaux.c                        0x00000000   Number         0  heapauxi.o ABSOLUTE
    ../clib/libinit.s                        0x00000000   Number         0  libshutdown.o ABSOLUTE
    ../clib/libinit.s                        0x00000000   Number         0  libinit.o ABSOLUTE
    ../clib/libinit.s                        0x00000000   Number         0  libshutdown2.o ABSOLUTE
    ../clib/libinit.s                        0x00000000   Number         0  libinit2.o ABSOLUTE
    ../clib/memcpset.s                       0x00000000   Number         0  rt_memclr.o ABSOLUTE
    ../clib/memcpset.s                       0x00000000   Number         0  strcmpv7m_pel.o ABSOLUTE
    ../clib/memcpset.s                       0x00000000   Number         0  rt_memclr_w.o ABSOLUTE
    ../clib/memcpset.s                       0x00000000   Number         0  rt_memcpy_v6.o ABSOLUTE
    ../clib/memcpset.s                       0x00000000   Number         0  rt_memcpy_w.o ABSOLUTE
    ../clib/signal.c                         0x00000000   Number         0  defsig_rtred_inner.o ABSOLUTE
    ../clib/signal.c                         0x00000000   Number         0  defsig_fpe_inner.o ABSOLUTE
    ../clib/signal.c                         0x00000000   Number         0  defsig_abrt_inner.o ABSOLUTE
    ../clib/signal.c                         0x00000000   Number         0  defsig_cppl_inner.o ABSOLUTE
    ../clib/signal.c                         0x00000000   Number         0  __raise.o ABSOLUTE
    ../clib/signal.c                         0x00000000   Number         0  defsig_rtmem_inner.o ABSOLUTE
    ../clib/signal.c                         0x00000000   Number         0  defsig_exit.o ABSOLUTE
    ../clib/signal.c                         0x00000000   Number         0  defsig_rtmem_outer.o ABSOLUTE
    ../clib/signal.c                         0x00000000   Number         0  defsig_rtmem_formal.o ABSOLUTE
    ../clib/signal.c                         0x00000000   Number         0  defsig_segv_inner.o ABSOLUTE
    ../clib/signal.c                         0x00000000   Number         0  defsig_other.o ABSOLUTE
    ../clib/signal.c                         0x00000000   Number         0  defsig_pvfn_inner.o ABSOLUTE
    ../clib/signal.c                         0x00000000   Number         0  defsig_stak_inner.o ABSOLUTE
    ../clib/signal.c                         0x00000000   Number         0  defsig_general.o ABSOLUTE
    ../clib/signal.s                         0x00000000   Number         0  defsig.o ABSOLUTE
    ../clib/stdlib.c                         0x00000000   Number         0  exit.o ABSOLUTE
    ../fplib/fpinit.s                        0x00000000   Number         0  fpinit.o ABSOLUTE
    FreeRTOS_src\\port.c                     0x00000000   Number         0  port.o ABSOLUTE
    FreeRTOS_src\croutine.c                  0x00000000   Number         0  croutine.o ABSOLUTE
    FreeRTOS_src\event_groups.c              0x00000000   Number         0  event_groups.o ABSOLUTE
    FreeRTOS_src\heap_1.c                    0x00000000   Number         0  heap_1.o ABSOLUTE
    FreeRTOS_src\list.c                      0x00000000   Number         0  list.o ABSOLUTE
    FreeRTOS_src\port.c                      0x00000000   Number         0  port.o ABSOLUTE
    FreeRTOS_src\queue.c                     0x00000000   Number         0  queue.o ABSOLUTE
    FreeRTOS_src\stream_buffer.c             0x00000000   Number         0  stream_buffer.o ABSOLUTE
    FreeRTOS_src\tasks.c                     0x00000000   Number         0  tasks.o ABSOLUTE
    FreeRTOS_src\timers.c                    0x00000000   Number         0  timers.o ABSOLUTE
    RTE\Device\STM32F746ZGTx\startup_stm32f746xx.s 0x00000000   Number         0  startup_stm32f746xx.o ABSOLUTE
    RTE\Device\STM32F746ZGTx\system_stm32f7xx.c 0x00000000   Number         0  system_stm32f7xx.o ABSOLUTE
    RTE\\Device\\STM32F746ZGTx\\system_stm32f7xx.c 0x00000000   Number         0  system_stm32f7xx.o ABSOLUTE
    SPL_src\\stm32f7xx_ll_exti.c             0x00000000   Number         0  stm32f7xx_ll_exti.o ABSOLUTE
    SPL_src\\stm32f7xx_ll_gpio.c             0x00000000   Number         0  stm32f7xx_ll_gpio.o ABSOLUTE
    SPL_src\\stm32f7xx_ll_rcc.c              0x00000000   Number         0  stm32f7xx_ll_rcc.o ABSOLUTE
    SPL_src\\stm32f7xx_ll_usart.c            0x00000000   Number         0  stm32f7xx_ll_usart.o ABSOLUTE
    SPL_src\stm32f7xx_ll_exti.c              0x00000000   Number         0  stm32f7xx_ll_exti.o ABSOLUTE
    SPL_src\stm32f7xx_ll_gpio.c              0x00000000   Number         0  stm32f7xx_ll_gpio.o ABSOLUTE
    SPL_src\stm32f7xx_ll_rcc.c               0x00000000   Number         0  stm32f7xx_ll_rcc.o ABSOLUTE
    SPL_src\stm32f7xx_ll_usart.c             0x00000000   Number         0  stm32f7xx_ll_usart.o ABSOLUTE
    dc.s                                     0x00000000   Number         0  dc.o ABSOLUTE
    src\\main.c                              0x00000000   Number         0  main.o ABSOLUTE
    src\main.c                               0x00000000   Number         0  main.o ABSOLUTE
    RESET                                    0x08000000   Section      456  startup_stm32f746xx.o(RESET)
    !!!main                                  0x080001c8   Section        8  __main.o(!!!main)
    !!!scatter                               0x080001d0   Section       52  __scatter.o(!!!scatter)
    !!handler_copy                           0x08000204   Section       26  __scatter_copy.o(!!handler_copy)
    !!handler_zi                             0x08000220   Section       28  __scatter_zi.o(!!handler_zi)
    .ARM.Collect$$libinit$$00000000          0x0800023c   Section        2  libinit.o(.ARM.Collect$$libinit$$00000000)
    .ARM.Collect$$libinit$$00000001          0x0800023e   Section        4  libinit2.o(.ARM.Collect$$libinit$$00000001)
    .ARM.Collect$$libinit$$00000004          0x08000242   Section        0  libinit2.o(.ARM.Collect$$libinit$$00000004)
    .ARM.Collect$$libinit$$0000000A          0x08000242   Section        0  libinit2.o(.ARM.Collect$$libinit$$0000000A)
    .ARM.Collect$$libinit$$0000000C          0x08000242   Section        0  libinit2.o(.ARM.Collect$$libinit$$0000000C)
    .ARM.Collect$$libinit$$0000000E          0x08000242   Section        0  libinit2.o(.ARM.Collect$$libinit$$0000000E)
    .ARM.Collect$$libinit$$00000011          0x08000242   Section        0  libinit2.o(.ARM.Collect$$libinit$$00000011)
    .ARM.Collect$$libinit$$00000013          0x08000242   Section        0  libinit2.o(.ARM.Collect$$libinit$$00000013)
    .ARM.Collect$$libinit$$00000015          0x08000242   Section        0  libinit2.o(.ARM.Collect$$libinit$$00000015)
    .ARM.Collect$$libinit$$00000017          0x08000242   Section        0  libinit2.o(.ARM.Collect$$libinit$$00000017)
    .ARM.Collect$$libinit$$00000019          0x08000242   Section        0  libinit2.o(.ARM.Collect$$libinit$$00000019)
    .ARM.Collect$$libinit$$0000001B          0x08000242   Section        0  libinit2.o(.ARM.Collect$$libinit$$0000001B)
    .ARM.Collect$$libinit$$0000001D          0x08000242   Section        0  libinit2.o(.ARM.Collect$$libinit$$0000001D)
    .ARM.Collect$$libinit$$0000001F          0x08000242   Section        0  libinit2.o(.ARM.Collect$$libinit$$0000001F)
    .ARM.Collect$$libinit$$00000021          0x08000242   Section        0  libinit2.o(.ARM.Collect$$libinit$$00000021)
    .ARM.Collect$$libinit$$00000023          0x08000242   Section        0  libinit2.o(.ARM.Collect$$libinit$$00000023)
    .ARM.Collect$$libinit$$00000025          0x08000242   Section        0  libinit2.o(.ARM.Collect$$libinit$$00000025)
    .ARM.Collect$$libinit$$0000002C          0x08000242   Section        0  libinit2.o(.ARM.Collect$$libinit$$0000002C)
    .ARM.Collect$$libinit$$0000002E          0x08000242   Section        0  libinit2.o(.ARM.Collect$$libinit$$0000002E)
    .ARM.Collect$$libinit$$00000030          0x08000242   Section        0  libinit2.o(.ARM.Collect$$libinit$$00000030)
    .ARM.Collect$$libinit$$00000032          0x08000242   Section        0  libinit2.o(.ARM.Collect$$libinit$$00000032)
    .ARM.Collect$$libinit$$00000033          0x08000242   Section        2  libinit2.o(.ARM.Collect$$libinit$$00000033)
    .ARM.Collect$$libshutdown$$00000000      0x08000244   Section        2  libshutdown.o(.ARM.Collect$$libshutdown$$00000000)
    .ARM.Collect$$libshutdown$$00000002      0x08000246   Section        0  libshutdown2.o(.ARM.Collect$$libshutdown$$00000002)
    .ARM.Collect$$libshutdown$$00000004      0x08000246   Section        0  libshutdown2.o(.ARM.Collect$$libshutdown$$00000004)
    .ARM.Collect$$libshutdown$$00000007      0x08000246   Section        0  libshutdown2.o(.ARM.Collect$$libshutdown$$00000007)
    .ARM.Collect$$libshutdown$$0000000A      0x08000246   Section        0  libshutdown2.o(.ARM.Collect$$libshutdown$$0000000A)
    .ARM.Collect$$libshutdown$$0000000C      0x08000246   Section        0  libshutdown2.o(.ARM.Collect$$libshutdown$$0000000C)
    .ARM.Collect$$libshutdown$$0000000F      0x08000246   Section        0  libshutdown2.o(.ARM.Collect$$libshutdown$$0000000F)
    .ARM.Collect$$libshutdown$$00000010      0x08000246   Section        2  libshutdown2.o(.ARM.Collect$$libshutdown$$00000010)
    .ARM.Collect$$rtentry$$00000000          0x08000248   Section        0  __rtentry.o(.ARM.Collect$$rtentry$$00000000)
    .ARM.Collect$$rtentry$$00000002          0x08000248   Section        0  __rtentry2.o(.ARM.Collect$$rtentry$$00000002)
    .ARM.Collect$$rtentry$$00000004          0x08000248   Section        6  __rtentry4.o(.ARM.Collect$$rtentry$$00000004)
    .ARM.Collect$$rtentry$$00000009          0x0800024e   Section        0  __rtentry2.o(.ARM.Collect$$rtentry$$00000009)
    .ARM.Collect$$rtentry$$0000000A          0x0800024e   Section        4  __rtentry2.o(.ARM.Collect$$rtentry$$0000000A)
    .ARM.Collect$$rtentry$$0000000C          0x08000252   Section        0  __rtentry2.o(.ARM.Collect$$rtentry$$0000000C)
    .ARM.Collect$$rtentry$$0000000D          0x08000252   Section        8  __rtentry2.o(.ARM.Collect$$rtentry$$0000000D)
    .ARM.Collect$$rtexit$$00000000           0x0800025a   Section        2  rtexit.o(.ARM.Collect$$rtexit$$00000000)
    .ARM.Collect$$rtexit$$00000002           0x0800025c   Section        0  rtexit2.o(.ARM.Collect$$rtexit$$00000002)
    .ARM.Collect$$rtexit$$00000003           0x0800025c   Section        4  rtexit2.o(.ARM.Collect$$rtexit$$00000003)
    .ARM.Collect$$rtexit$$00000004           0x08000260   Section        6  rtexit2.o(.ARM.Collect$$rtexit$$00000004)
    .emb_text                                0x08000268   Section      194  port.o(.emb_text)
    $v0                                      0x08000268   Number         0  port.o(.emb_text)
    .text                                    0x0800032c   Section       64  startup_stm32f746xx.o(.text)
    $v0                                      0x0800032c   Number         0  startup_stm32f746xx.o(.text)
    .text                                    0x0800036c   Section      138  rt_memcpy_v6.o(.text)
    .text                                    0x080003f6   Section       68  rt_memclr.o(.text)
    .text                                    0x0800043a   Section       78  rt_memclr_w.o(.text)
    .text                                    0x08000488   Section      104  strcmpv7m_pel.o(.text)
    .text                                    0x080004f0   Section        0  heapauxi.o(.text)
    .text                                    0x080004f6   Section      100  rt_memcpy_w.o(.text)
    .text                                    0x0800055a   Section       74  sys_stackheap_outer.o(.text)
    .text                                    0x080005a4   Section        0  exit.o(.text)
    .text                                    0x080005b8   Section        8  libspace.o(.text)
    .text                                    0x080005c0   Section        0  sys_exit.o(.text)
    .text                                    0x080005cc   Section        2  use_no_semi.o(.text)
    .text                                    0x080005ce   Section        0  indicate_semi.o(.text)
    i.Init_LEDs                              0x080005d0   Section        0  main.o(i.Init_LEDs)
    i.Init_USART3                            0x08000608   Section        0  main.o(i.Init_USART3)
    i.RCC_Init                               0x080006f8   Section        0  main.o(i.RCC_Init)
    i.SysTick_Handler                        0x08000750   Section        0  port.o(i.SysTick_Handler)
    i.SystemInit                             0x08000788   Section        0  system_stm32f7xx.o(i.SystemInit)
    i.USART3_IRQHandler                      0x080007ec   Section        0  main.o(i.USART3_IRQHandler)
    i.USART3_send_byte                       0x080008b4   Section        0  main.o(i.USART3_send_byte)
    i.USART3_send_srt                        0x080008d0   Section        0  main.o(i.USART3_send_srt)
    i.main                                   0x080008ec   Section        0  main.o(i.main)
    i.prvAddCurrentTaskToDelayedList         0x08000980   Section        0  tasks.o(i.prvAddCurrentTaskToDelayedList)
    prvAddCurrentTaskToDelayedList           0x08000981   Thumb Code   124  tasks.o(i.prvAddCurrentTaskToDelayedList)
    i.prvAddNewTaskToReadyList               0x08000a18   Section        0  tasks.o(i.prvAddNewTaskToReadyList)
    prvAddNewTaskToReadyList                 0x08000a19   Thumb Code   150  tasks.o(i.prvAddNewTaskToReadyList)
    i.prvCheckTasksWaitingTermination        0x08000acc   Section        0  tasks.o(i.prvCheckTasksWaitingTermination)
    prvCheckTasksWaitingTermination          0x08000acd   Thumb Code    60  tasks.o(i.prvCheckTasksWaitingTermination)
    i.prvCopyDataToQueue                     0x08000b14   Section        0  queue.o(i.prvCopyDataToQueue)
    prvCopyDataToQueue                       0x08000b15   Thumb Code   126  queue.o(i.prvCopyDataToQueue)
    i.prvDeleteTCB                           0x08000b92   Section        0  tasks.o(i.prvDeleteTCB)
    prvDeleteTCB                             0x08000b93   Thumb Code    18  tasks.o(i.prvDeleteTCB)
    i.prvGetDisinheritPriorityAfterTimeout   0x08000ba4   Section        0  queue.o(i.prvGetDisinheritPriorityAfterTimeout)
    prvGetDisinheritPriorityAfterTimeout     0x08000ba5   Thumb Code    20  queue.o(i.prvGetDisinheritPriorityAfterTimeout)
    i.prvIdleTask                            0x08000bb8   Section        0  tasks.o(i.prvIdleTask)
    prvIdleTask                              0x08000bb9   Thumb Code    32  tasks.o(i.prvIdleTask)
    i.prvInitialiseNewQueue                  0x08000be0   Section        0  queue.o(i.prvInitialiseNewQueue)
    prvInitialiseNewQueue                    0x08000be1   Thumb Code    38  queue.o(i.prvInitialiseNewQueue)
    i.prvInitialiseNewTask                   0x08000c06   Section        0  tasks.o(i.prvInitialiseNewTask)
    prvInitialiseNewTask                     0x08000c07   Thumb Code   144  tasks.o(i.prvInitialiseNewTask)
    i.prvInitialiseTaskLists                 0x08000c98   Section        0  tasks.o(i.prvInitialiseTaskLists)
    prvInitialiseTaskLists                   0x08000c99   Thumb Code    70  tasks.o(i.prvInitialiseTaskLists)
    i.prvIsQueueEmpty                        0x08000d00   Section        0  queue.o(i.prvIsQueueEmpty)
    prvIsQueueEmpty                          0x08000d01   Thumb Code    26  queue.o(i.prvIsQueueEmpty)
    i.prvIsQueueFull                         0x08000d1a   Section        0  queue.o(i.prvIsQueueFull)
    prvIsQueueFull                           0x08000d1b   Thumb Code    30  queue.o(i.prvIsQueueFull)
    i.prvResetNextTaskUnblockTime            0x08000d38   Section        0  tasks.o(i.prvResetNextTaskUnblockTime)
    prvResetNextTaskUnblockTime              0x08000d39   Thumb Code    42  tasks.o(i.prvResetNextTaskUnblockTime)
    i.prvTaskExitError                       0x08000d6c   Section        0  port.o(i.prvTaskExitError)
    prvTaskExitError                         0x08000d6d   Thumb Code    26  port.o(i.prvTaskExitError)
    i.prvUnlockQueue                         0x08000d86   Section        0  queue.o(i.prvUnlockQueue)
    prvUnlockQueue                           0x08000d87   Thumb Code   126  queue.o(i.prvUnlockQueue)
    i.pvPortMalloc                           0x08000e04   Section        0  heap_1.o(i.pvPortMalloc)
    i.pvTaskIncrementMutexHeldCount          0x08000e74   Section        0  tasks.o(i.pvTaskIncrementMutexHeldCount)
    i.pxPortInitialiseStack                  0x08000e94   Section        0  port.o(i.pxPortInitialiseStack)
    i.uxListRemove                           0x08000ec0   Section        0  list.o(i.uxListRemove)
    i.vListInitialise                        0x08000ee8   Section        0  list.o(i.vListInitialise)
    i.vListInitialiseItem                    0x08000f02   Section        0  list.o(i.vListInitialiseItem)
    i.vListInsert                            0x08000f08   Section        0  list.o(i.vListInsert)
    i.vListInsertEnd                         0x08000f3c   Section        0  list.o(i.vListInsertEnd)
    i.vPortEnterCritical                     0x08000f54   Section        0  port.o(i.vPortEnterCritical)
    i.vPortExitCritical                      0x08000f7c   Section        0  port.o(i.vPortExitCritical)
    i.vPortFree                              0x08000f9c   Section        0  heap_1.o(i.vPortFree)
    i.vPortSetupTimerInterrupt               0x08000f9e   Section        0  port.o(i.vPortSetupTimerInterrupt)
    i.vTaskDelay                             0x08000fb4   Section        0  tasks.o(i.vTaskDelay)
    i.vTaskInternalSetTimeOutState           0x08000fe8   Section        0  tasks.o(i.vTaskInternalSetTimeOutState)
    i.vTaskLedBlue                           0x08001000   Section        0  main.o(i.vTaskLedBlue)
    i.vTaskLedRed                            0x08001060   Section        0  main.o(i.vTaskLedRed)
    i.vTaskMissedYield                       0x08001088   Section        0  tasks.o(i.vTaskMissedYield)
    i.vTaskPlaceOnEventList                  0x08001094   Section        0  tasks.o(i.vTaskPlaceOnEventList)
    i.vTaskPriorityDisinheritAfterTimeout    0x080010b4   Section        0  tasks.o(i.vTaskPriorityDisinheritAfterTimeout)
    i.vTaskStartScheduler                    0x08001164   Section        0  tasks.o(i.vTaskStartScheduler)
    i.vTaskSuspendAll                        0x080011cc   Section        0  tasks.o(i.vTaskSuspendAll)
    i.vTaskSwitchContext                     0x080011dc   Section        0  tasks.o(i.vTaskSwitchContext)
    i.xPortStartScheduler                    0x0800123c   Section        0  port.o(i.xPortStartScheduler)
    i.xQueueGenericCreate                    0x08001284   Section        0  queue.o(i.xQueueGenericCreate)
    i.xQueueGenericReset                     0x080012c0   Section        0  queue.o(i.xQueueGenericReset)
    i.xQueueGenericSend                      0x08001340   Section        0  queue.o(i.xQueueGenericSend)
    i.xQueueGiveFromISR                      0x08001458   Section        0  queue.o(i.xQueueGiveFromISR)
    i.xQueueSemaphoreTake                    0x080014d4   Section        0  queue.o(i.xQueueSemaphoreTake)
    i.xTaskCheckForTimeOut                   0x08001604   Section        0  tasks.o(i.xTaskCheckForTimeOut)
    i.xTaskCreate                            0x08001660   Section        0  tasks.o(i.xTaskCreate)
    i.xTaskIncrementTick                     0x080016c0   Section        0  tasks.o(i.xTaskIncrementTick)
    i.xTaskPriorityDisinherit                0x080017dc   Section        0  tasks.o(i.xTaskPriorityDisinherit)
    i.xTaskPriorityInherit                   0x08001860   Section        0  tasks.o(i.xTaskPriorityInherit)
    i.xTaskRemoveFromEventList               0x08001928   Section        0  tasks.o(i.xTaskRemoveFromEventList)
    i.xTaskResumeAll                         0x080019a8   Section        0  tasks.o(i.xTaskResumeAll)
    x$fpl$fpinit                             0x08001a90   Section       10  fpinit.o(x$fpl$fpinit)
    $v0                                      0x08001a90   Number         0  fpinit.o(x$fpl$fpinit)
    .data                                    0x20010000   Section       12  main.o(.data)
    xHigherPriorityTaskWoken                 0x20010008   Data           4  main.o(.data)
    .data                                    0x2001000c   Section        4  port.o(.data)
    uxCriticalNesting                        0x2001000c   Data           4  port.o(.data)
    .data                                    0x20010010   Section       60  tasks.o(.data)
    pxDelayedTaskList                        0x20010014   Data           4  tasks.o(.data)
    pxOverflowDelayedTaskList                0x20010018   Data           4  tasks.o(.data)
    uxDeletedTasksWaitingCleanUp             0x2001001c   Data           4  tasks.o(.data)
    uxCurrentNumberOfTasks                   0x20010020   Data           4  tasks.o(.data)
    xTickCount                               0x20010024   Data           4  tasks.o(.data)
    uxTopReadyPriority                       0x20010028   Data           4  tasks.o(.data)
    xSchedulerRunning                        0x2001002c   Data           4  tasks.o(.data)
    uxPendedTicks                            0x20010030   Data           4  tasks.o(.data)
    xYieldPending                            0x20010034   Data           4  tasks.o(.data)
    xNumOfOverflows                          0x20010038   Data           4  tasks.o(.data)
    uxTaskNumber                             0x2001003c   Data           4  tasks.o(.data)
    xNextTaskUnblockTime                     0x20010040   Data           4  tasks.o(.data)
    xIdleTaskHandle                          0x20010044   Data           4  tasks.o(.data)
    uxSchedulerSuspended                     0x20010048   Data           4  tasks.o(.data)
    .data                                    0x2001004c   Section        8  heap_1.o(.data)
    xNextFreeByte                            0x2001004c   Data           4  heap_1.o(.data)
    pucAlignedHeap                           0x20010050   Data           4  heap_1.o(.data)
    .bss                                     0x20010054   Section       32  main.o(.bss)
    .bss                                     0x20010074   Section      200  tasks.o(.bss)
    pxReadyTasksLists                        0x20010074   Data         100  tasks.o(.bss)
    xDelayedTaskList1                        0x200100d8   Data          20  tasks.o(.bss)
    xDelayedTaskList2                        0x200100ec   Data          20  tasks.o(.bss)
    xPendingReadyList                        0x20010100   Data          20  tasks.o(.bss)
    xTasksWaitingTermination                 0x20010114   Data          20  tasks.o(.bss)
    xSuspendedTaskList                       0x20010128   Data          20  tasks.o(.bss)
    .bss                                     0x2001013c   Section    17408  heap_1.o(.bss)
    ucHeap                                   0x2001013c   Data       17408  heap_1.o(.bss)
    .bss                                     0x2001453c   Section       96  libspace.o(.bss)
    HEAP                                     0x200145a0   Section      512  startup_stm32f746xx.o(HEAP)
    Heap_Mem                                 0x200145a0   Data         512  startup_stm32f746xx.o(HEAP)
    STACK                                    0x200147a0   Section     1024  startup_stm32f746xx.o(STACK)
    Stack_Mem                                0x200147a0   Data        1024  startup_stm32f746xx.o(STACK)
    __initial_sp                             0x20014ba0   Data           0  startup_stm32f746xx.o(STACK)

    Global Symbols

    Symbol Name                              Value     Ov Type        Size  Object(Section)

    BuildAttributes$$THM_ISAv4$E$P$D$K$B$S$7EM$VFPi5$EXTD16$VFPS$VFMA$PE$PLD8$A:L22UL41UL21$X:L11$S22US41US21$IEEE1$IW$USESV6$~STKCKD$USESV7$~SHL$OSPACE$ROPI$EBA8$UX$STANDARDLIB$REQ8$PRES8$EABIv2 0x00000000   Number         0  anon$$obj.o ABSOLUTE
    __ARM_use_no_argv                        0x00000000   Number         0  main.o ABSOLUTE
    __ARM_exceptions_init                     - Undefined Weak Reference
    __alloca_initialize                       - Undefined Weak Reference
    __arm_preinit_                            - Undefined Weak Reference
    __cpp_initialize__aeabi_                  - Undefined Weak Reference
    __cxa_finalize                            - Undefined Weak Reference
    __rt_locale                               - Undefined Weak Reference
    __sigvec_lookup                           - Undefined Weak Reference
    _atexit_init                              - Undefined Weak Reference
    _call_atexit_fns                          - Undefined Weak Reference
    _clock_init                               - Undefined Weak Reference
    _fp_trap_init                             - Undefined Weak Reference
    _fp_trap_shutdown                         - Undefined Weak Reference
    _get_lc_collate                           - Undefined Weak Reference
    _get_lc_ctype                             - Undefined Weak Reference
    _get_lc_monetary                          - Undefined Weak Reference
    _get_lc_numeric                           - Undefined Weak Reference
    _get_lc_time                              - Undefined Weak Reference
    _getenv_init                              - Undefined Weak Reference
    _handle_redirection                       - Undefined Weak Reference
    _init_alloc                               - Undefined Weak Reference
    _init_user_alloc                          - Undefined Weak Reference
    _initio                                   - Undefined Weak Reference
    _rand_init                                - Undefined Weak Reference
    _signal_finish                            - Undefined Weak Reference
    _signal_init                              - Undefined Weak Reference
    _terminate_alloc                          - Undefined Weak Reference
    _terminate_user_alloc                     - Undefined Weak Reference
    _terminateio                              - Undefined Weak Reference
    __Vectors_Size                           0x000001c8   Number         0  startup_stm32f746xx.o ABSOLUTE
    __Vectors                                0x08000000   Data           4  startup_stm32f746xx.o(RESET)
    __Vectors_End                            0x080001c8   Data           0  startup_stm32f746xx.o(RESET)
    __main                                   0x080001c9   Thumb Code     8  __main.o(!!!main)
    __scatterload                            0x080001d1   Thumb Code     0  __scatter.o(!!!scatter)
    __scatterload_rt2                        0x080001d1   Thumb Code    44  __scatter.o(!!!scatter)
    __scatterload_rt2_thumb_only             0x080001d1   Thumb Code     0  __scatter.o(!!!scatter)
    __scatterload_null                       0x080001df   Thumb Code     0  __scatter.o(!!!scatter)
    __scatterload_copy                       0x08000205   Thumb Code    26  __scatter_copy.o(!!handler_copy)
    __scatterload_zeroinit                   0x08000221   Thumb Code    28  __scatter_zi.o(!!handler_zi)
    __rt_lib_init                            0x0800023d   Thumb Code     0  libinit.o(.ARM.Collect$$libinit$$00000000)
    __rt_lib_init_fp_1                       0x0800023f   Thumb Code     0  libinit2.o(.ARM.Collect$$libinit$$00000001)
    __rt_lib_init_alloca_1                   0x08000243   Thumb Code     0  libinit2.o(.ARM.Collect$$libinit$$0000002E)
    __rt_lib_init_argv_1                     0x08000243   Thumb Code     0  libinit2.o(.ARM.Collect$$libinit$$0000002C)
    __rt_lib_init_atexit_1                   0x08000243   Thumb Code     0  libinit2.o(.ARM.Collect$$libinit$$0000001B)
    __rt_lib_init_clock_1                    0x08000243   Thumb Code     0  libinit2.o(.ARM.Collect$$libinit$$00000021)
    __rt_lib_init_cpp_1                      0x08000243   Thumb Code     0  libinit2.o(.ARM.Collect$$libinit$$00000032)
    __rt_lib_init_exceptions_1               0x08000243   Thumb Code     0  libinit2.o(.ARM.Collect$$libinit$$00000030)
    __rt_lib_init_fp_trap_1                  0x08000243   Thumb Code     0  libinit2.o(.ARM.Collect$$libinit$$0000001F)
    __rt_lib_init_getenv_1                   0x08000243   Thumb Code     0  libinit2.o(.ARM.Collect$$libinit$$00000023)
    __rt_lib_init_heap_1                     0x08000243   Thumb Code     0  libinit2.o(.ARM.Collect$$libinit$$0000000A)
    __rt_lib_init_lc_collate_1               0x08000243   Thumb Code     0  libinit2.o(.ARM.Collect$$libinit$$00000011)
    __rt_lib_init_lc_ctype_1                 0x08000243   Thumb Code     0  libinit2.o(.ARM.Collect$$libinit$$00000013)
    __rt_lib_init_lc_monetary_1              0x08000243   Thumb Code     0  libinit2.o(.ARM.Collect$$libinit$$00000015)
    __rt_lib_init_lc_numeric_1               0x08000243   Thumb Code     0  libinit2.o(.ARM.Collect$$libinit$$00000017)
    __rt_lib_init_lc_time_1                  0x08000243   Thumb Code     0  libinit2.o(.ARM.Collect$$libinit$$00000019)
    __rt_lib_init_preinit_1                  0x08000243   Thumb Code     0  libinit2.o(.ARM.Collect$$libinit$$00000004)
    __rt_lib_init_rand_1                     0x08000243   Thumb Code     0  libinit2.o(.ARM.Collect$$libinit$$0000000E)
    __rt_lib_init_return                     0x08000243   Thumb Code     0  libinit2.o(.ARM.Collect$$libinit$$00000033)
    __rt_lib_init_signal_1                   0x08000243   Thumb Code     0  libinit2.o(.ARM.Collect$$libinit$$0000001D)
    __rt_lib_init_stdio_1                    0x08000243   Thumb Code     0  libinit2.o(.ARM.Collect$$libinit$$00000025)
    __rt_lib_init_user_alloc_1               0x08000243   Thumb Code     0  libinit2.o(.ARM.Collect$$libinit$$0000000C)
    __rt_lib_shutdown                        0x08000245   Thumb Code     0  libshutdown.o(.ARM.Collect$$libshutdown$$00000000)
    __rt_lib_shutdown_cpp_1                  0x08000247   Thumb Code     0  libshutdown2.o(.ARM.Collect$$libshutdown$$00000002)
    __rt_lib_shutdown_fp_trap_1              0x08000247   Thumb Code     0  libshutdown2.o(.ARM.Collect$$libshutdown$$00000007)
    __rt_lib_shutdown_heap_1                 0x08000247   Thumb Code     0  libshutdown2.o(.ARM.Collect$$libshutdown$$0000000F)
    __rt_lib_shutdown_return                 0x08000247   Thumb Code     0  libshutdown2.o(.ARM.Collect$$libshutdown$$00000010)
    __rt_lib_shutdown_signal_1               0x08000247   Thumb Code     0  libshutdown2.o(.ARM.Collect$$libshutdown$$0000000A)
    __rt_lib_shutdown_stdio_1                0x08000247   Thumb Code     0  libshutdown2.o(.ARM.Collect$$libshutdown$$00000004)
    __rt_lib_shutdown_user_alloc_1           0x08000247   Thumb Code     0  libshutdown2.o(.ARM.Collect$$libshutdown$$0000000C)
    __rt_entry                               0x08000249   Thumb Code     0  __rtentry.o(.ARM.Collect$$rtentry$$00000000)
    __rt_entry_presh_1                       0x08000249   Thumb Code     0  __rtentry2.o(.ARM.Collect$$rtentry$$00000002)
    __rt_entry_sh                            0x08000249   Thumb Code     0  __rtentry4.o(.ARM.Collect$$rtentry$$00000004)
    __rt_entry_li                            0x0800024f   Thumb Code     0  __rtentry2.o(.ARM.Collect$$rtentry$$0000000A)
    __rt_entry_postsh_1                      0x0800024f   Thumb Code     0  __rtentry2.o(.ARM.Collect$$rtentry$$00000009)
    __rt_entry_main                          0x08000253   Thumb Code     0  __rtentry2.o(.ARM.Collect$$rtentry$$0000000D)
    __rt_entry_postli_1                      0x08000253   Thumb Code     0  __rtentry2.o(.ARM.Collect$$rtentry$$0000000C)
    __rt_exit                                0x0800025b   Thumb Code     0  rtexit.o(.ARM.Collect$$rtexit$$00000000)
    __rt_exit_ls                             0x0800025d   Thumb Code     0  rtexit2.o(.ARM.Collect$$rtexit$$00000003)
    __rt_exit_prels_1                        0x0800025d   Thumb Code     0  rtexit2.o(.ARM.Collect$$rtexit$$00000002)
    __rt_exit_exit                           0x08000261   Thumb Code     0  rtexit2.o(.ARM.Collect$$rtexit$$00000004)
    SVC_Handler                              0x08000269   Thumb Code    28  port.o(.emb_text)
    __asm___6_port_c_39a90d8d__prvStartFirstTask 0x08000289   Thumb Code    36  port.o(.emb_text)
    __asm___6_port_c_39a90d8d__prvEnableVFP  0x080002b1   Thumb Code    16  port.o(.emb_text)
    PendSV_Handler                           0x080002c5   Thumb Code    92  port.o(.emb_text)
    vPortGetIPSR                             0x08000325   Thumb Code     6  port.o(.emb_text)
    Reset_Handler                            0x0800032d   Thumb Code     8  startup_stm32f746xx.o(.text)
    NMI_Handler                              0x08000335   Thumb Code     2  startup_stm32f746xx.o(.text)
    HardFault_Handler                        0x08000337   Thumb Code     2  startup_stm32f746xx.o(.text)
    MemManage_Handler                        0x08000339   Thumb Code     2  startup_stm32f746xx.o(.text)
    BusFault_Handler                         0x0800033b   Thumb Code     2  startup_stm32f746xx.o(.text)
    UsageFault_Handler                       0x0800033d   Thumb Code     2  startup_stm32f746xx.o(.text)
    DebugMon_Handler                         0x08000341   Thumb Code     2  startup_stm32f746xx.o(.text)
    ADC_IRQHandler                           0x08000347   Thumb Code     0  startup_stm32f746xx.o(.text)
    CAN1_RX0_IRQHandler                      0x08000347   Thumb Code     0  startup_stm32f746xx.o(.text)
    CAN1_RX1_IRQHandler                      0x08000347   Thumb Code     0  startup_stm32f746xx.o(.text)
    CAN1_SCE_IRQHandler                      0x08000347   Thumb Code     0  startup_stm32f746xx.o(.text)
    CAN1_TX_IRQHandler                       0x08000347   Thumb Code     0  startup_stm32f746xx.o(.text)
    CAN2_RX0_IRQHandler                      0x08000347   Thumb Code     0  startup_stm32f746xx.o(.text)
    CAN2_RX1_IRQHandler                      0x08000347   Thumb Code     0  startup_stm32f746xx.o(.text)
    CAN2_SCE_IRQHandler                      0x08000347   Thumb Code     0  startup_stm32f746xx.o(.text)
    CAN2_TX_IRQHandler                       0x08000347   Thumb Code     0  startup_stm32f746xx.o(.text)
    CEC_IRQHandler                           0x08000347   Thumb Code     0  startup_stm32f746xx.o(.text)
    DCMI_IRQHandler                          0x08000347   Thumb Code     0  startup_stm32f746xx.o(.text)
    DMA1_Stream0_IRQHandler                  0x08000347   Thumb Code     0  startup_stm32f746xx.o(.text)
    DMA1_Stream1_IRQHandler                  0x08000347   Thumb Code     0  startup_stm32f746xx.o(.text)
    DMA1_Stream2_IRQHandler                  0x08000347   Thumb Code     0  startup_stm32f746xx.o(.text)
    DMA1_Stream3_IRQHandler                  0x08000347   Thumb Code     0  startup_stm32f746xx.o(.text)
    DMA1_Stream4_IRQHandler                  0x08000347   Thumb Code     0  startup_stm32f746xx.o(.text)
    DMA1_Stream5_IRQHandler                  0x08000347   Thumb Code     0  startup_stm32f746xx.o(.text)
    DMA1_Stream6_IRQHandler                  0x08000347   Thumb Code     0  startup_stm32f746xx.o(.text)
    DMA1_Stream7_IRQHandler                  0x08000347   Thumb Code     0  startup_stm32f746xx.o(.text)
    DMA2D_IRQHandler                         0x08000347   Thumb Code     0  startup_stm32f746xx.o(.text)
    DMA2_Stream0_IRQHandler                  0x08000347   Thumb Code     0  startup_stm32f746xx.o(.text)
    DMA2_Stream1_IRQHandler                  0x08000347   Thumb Code     0  startup_stm32f746xx.o(.text)
    DMA2_Stream2_IRQHandler                  0x08000347   Thumb Code     0  startup_stm32f746xx.o(.text)
    DMA2_Stream3_IRQHandler                  0x08000347   Thumb Code     0  startup_stm32f746xx.o(.text)
    DMA2_Stream4_IRQHandler                  0x08000347   Thumb Code     0  startup_stm32f746xx.o(.text)
    DMA2_Stream5_IRQHandler                  0x08000347   Thumb Code     0  startup_stm32f746xx.o(.text)
    DMA2_Stream6_IRQHandler                  0x08000347   Thumb Code     0  startup_stm32f746xx.o(.text)
    DMA2_Stream7_IRQHandler                  0x08000347   Thumb Code     0  startup_stm32f746xx.o(.text)
    ETH_IRQHandler                           0x08000347   Thumb Code     0  startup_stm32f746xx.o(.text)
    ETH_WKUP_IRQHandler                      0x08000347   Thumb Code     0  startup_stm32f746xx.o(.text)
    EXTI0_IRQHandler                         0x08000347   Thumb Code     0  startup_stm32f746xx.o(.text)
    EXTI15_10_IRQHandler                     0x08000347   Thumb Code     0  startup_stm32f746xx.o(.text)
    EXTI1_IRQHandler                         0x08000347   Thumb Code     0  startup_stm32f746xx.o(.text)
    EXTI2_IRQHandler                         0x08000347   Thumb Code     0  startup_stm32f746xx.o(.text)
    EXTI3_IRQHandler                         0x08000347   Thumb Code     0  startup_stm32f746xx.o(.text)
    EXTI4_IRQHandler                         0x08000347   Thumb Code     0  startup_stm32f746xx.o(.text)
    EXTI9_5_IRQHandler                       0x08000347   Thumb Code     0  startup_stm32f746xx.o(.text)
    FLASH_IRQHandler                         0x08000347   Thumb Code     0  startup_stm32f746xx.o(.text)
    FMC_IRQHandler                           0x08000347   Thumb Code     0  startup_stm32f746xx.o(.text)
    FPU_IRQHandler                           0x08000347   Thumb Code     0  startup_stm32f746xx.o(.text)
    I2C1_ER_IRQHandler                       0x08000347   Thumb Code     0  startup_stm32f746xx.o(.text)
    I2C1_EV_IRQHandler                       0x08000347   Thumb Code     0  startup_stm32f746xx.o(.text)
    I2C2_ER_IRQHandler                       0x08000347   Thumb Code     0  startup_stm32f746xx.o(.text)
    I2C2_EV_IRQHandler                       0x08000347   Thumb Code     0  startup_stm32f746xx.o(.text)
    I2C3_ER_IRQHandler                       0x08000347   Thumb Code     0  startup_stm32f746xx.o(.text)
    I2C3_EV_IRQHandler                       0x08000347   Thumb Code     0  startup_stm32f746xx.o(.text)
    I2C4_ER_IRQHandler                       0x08000347   Thumb Code     0  startup_stm32f746xx.o(.text)
    I2C4_EV_IRQHandler                       0x08000347   Thumb Code     0  startup_stm32f746xx.o(.text)
    LPTIM1_IRQHandler                        0x08000347   Thumb Code     0  startup_stm32f746xx.o(.text)
    LTDC_ER_IRQHandler                       0x08000347   Thumb Code     0  startup_stm32f746xx.o(.text)
    LTDC_IRQHandler                          0x08000347   Thumb Code     0  startup_stm32f746xx.o(.text)
    OTG_FS_IRQHandler                        0x08000347   Thumb Code     0  startup_stm32f746xx.o(.text)
    OTG_FS_WKUP_IRQHandler                   0x08000347   Thumb Code     0  startup_stm32f746xx.o(.text)
    OTG_HS_EP1_IN_IRQHandler                 0x08000347   Thumb Code     0  startup_stm32f746xx.o(.text)
    OTG_HS_EP1_OUT_IRQHandler                0x08000347   Thumb Code     0  startup_stm32f746xx.o(.text)
    OTG_HS_IRQHandler                        0x08000347   Thumb Code     0  startup_stm32f746xx.o(.text)
    OTG_HS_WKUP_IRQHandler                   0x08000347   Thumb Code     0  startup_stm32f746xx.o(.text)
    PVD_IRQHandler                           0x08000347   Thumb Code     0  startup_stm32f746xx.o(.text)
    QUADSPI_IRQHandler                       0x08000347   Thumb Code     0  startup_stm32f746xx.o(.text)
    RCC_IRQHandler                           0x08000347   Thumb Code     0  startup_stm32f746xx.o(.text)
    RNG_IRQHandler                           0x08000347   Thumb Code     0  startup_stm32f746xx.o(.text)
    RTC_Alarm_IRQHandler                     0x08000347   Thumb Code     0  startup_stm32f746xx.o(.text)
    RTC_WKUP_IRQHandler                      0x08000347   Thumb Code     0  startup_stm32f746xx.o(.text)
    SAI1_IRQHandler                          0x08000347   Thumb Code     0  startup_stm32f746xx.o(.text)
    SAI2_IRQHandler                          0x08000347   Thumb Code     0  startup_stm32f746xx.o(.text)
    SDMMC1_IRQHandler                        0x08000347   Thumb Code     0  startup_stm32f746xx.o(.text)
    SPDIF_RX_IRQHandler                      0x08000347   Thumb Code     0  startup_stm32f746xx.o(.text)
    SPI1_IRQHandler                          0x08000347   Thumb Code     0  startup_stm32f746xx.o(.text)
    SPI2_IRQHandler                          0x08000347   Thumb Code     0  startup_stm32f746xx.o(.text)
    SPI3_IRQHandler                          0x08000347   Thumb Code     0  startup_stm32f746xx.o(.text)
    SPI4_IRQHandler                          0x08000347   Thumb Code     0  startup_stm32f746xx.o(.text)
    SPI5_IRQHandler                          0x08000347   Thumb Code     0  startup_stm32f746xx.o(.text)
    SPI6_IRQHandler                          0x08000347   Thumb Code     0  startup_stm32f746xx.o(.text)
    TAMP_STAMP_IRQHandler                    0x08000347   Thumb Code     0  startup_stm32f746xx.o(.text)
    TIM1_BRK_TIM9_IRQHandler                 0x08000347   Thumb Code     0  startup_stm32f746xx.o(.text)
    TIM1_CC_IRQHandler                       0x08000347   Thumb Code     0  startup_stm32f746xx.o(.text)
    TIM1_TRG_COM_TIM11_IRQHandler            0x08000347   Thumb Code     0  startup_stm32f746xx.o(.text)
    TIM1_UP_TIM10_IRQHandler                 0x08000347   Thumb Code     0  startup_stm32f746xx.o(.text)
    TIM2_IRQHandler                          0x08000347   Thumb Code     0  startup_stm32f746xx.o(.text)
    TIM3_IRQHandler                          0x08000347   Thumb Code     0  startup_stm32f746xx.o(.text)
    TIM4_IRQHandler                          0x08000347   Thumb Code     0  startup_stm32f746xx.o(.text)
    TIM5_IRQHandler                          0x08000347   Thumb Code     0  startup_stm32f746xx.o(.text)
    TIM6_DAC_IRQHandler                      0x08000347   Thumb Code     0  startup_stm32f746xx.o(.text)
    TIM7_IRQHandler                          0x08000347   Thumb Code     0  startup_stm32f746xx.o(.text)
    TIM8_BRK_TIM12_IRQHandler                0x08000347   Thumb Code     0  startup_stm32f746xx.o(.text)
    TIM8_CC_IRQHandler                       0x08000347   Thumb Code     0  startup_stm32f746xx.o(.text)
    TIM8_TRG_COM_TIM14_IRQHandler            0x08000347   Thumb Code     0  startup_stm32f746xx.o(.text)
    TIM8_UP_TIM13_IRQHandler                 0x08000347   Thumb Code     0  startup_stm32f746xx.o(.text)
    UART4_IRQHandler                         0x08000347   Thumb Code     0  startup_stm32f746xx.o(.text)
    UART5_IRQHandler                         0x08000347   Thumb Code     0  startup_stm32f746xx.o(.text)
    UART7_IRQHandler                         0x08000347   Thumb Code     0  startup_stm32f746xx.o(.text)
    UART8_IRQHandler                         0x08000347   Thumb Code     0  startup_stm32f746xx.o(.text)
    USART1_IRQHandler                        0x08000347   Thumb Code     0  startup_stm32f746xx.o(.text)
    USART2_IRQHandler                        0x08000347   Thumb Code     0  startup_stm32f746xx.o(.text)
    USART6_IRQHandler                        0x08000347   Thumb Code     0  startup_stm32f746xx.o(.text)
    WWDG_IRQHandler                          0x08000347   Thumb Code     0  startup_stm32f746xx.o(.text)
    __user_initial_stackheap                 0x08000349   Thumb Code     0  startup_stm32f746xx.o(.text)
    __aeabi_memcpy                           0x0800036d   Thumb Code     0  rt_memcpy_v6.o(.text)
    __rt_memcpy                              0x0800036d   Thumb Code   138  rt_memcpy_v6.o(.text)
    _memcpy_lastbytes                        0x080003d3   Thumb Code     0  rt_memcpy_v6.o(.text)
    __aeabi_memclr                           0x080003f7   Thumb Code     0  rt_memclr.o(.text)
    __rt_memclr                              0x080003f7   Thumb Code    68  rt_memclr.o(.text)
    _memset                                  0x080003fb   Thumb Code     0  rt_memclr.o(.text)
    __aeabi_memclr4                          0x0800043b   Thumb Code     0  rt_memclr_w.o(.text)
    __aeabi_memclr8                          0x0800043b   Thumb Code     0  rt_memclr_w.o(.text)
    __rt_memclr_w                            0x0800043b   Thumb Code    78  rt_memclr_w.o(.text)
    _memset_w                                0x0800043f   Thumb Code     0  rt_memclr_w.o(.text)
    strcmp                                   0x08000489   Thumb Code   104  strcmpv7m_pel.o(.text)
    __use_two_region_memory                  0x080004f1   Thumb Code     2  heapauxi.o(.text)
    __rt_heap_escrow$2region                 0x080004f3   Thumb Code     2  heapauxi.o(.text)
    __rt_heap_expand$2region                 0x080004f5   Thumb Code     2  heapauxi.o(.text)
    __aeabi_memcpy4                          0x080004f7   Thumb Code     0  rt_memcpy_w.o(.text)
    __aeabi_memcpy8                          0x080004f7   Thumb Code     0  rt_memcpy_w.o(.text)
    __rt_memcpy_w                            0x080004f7   Thumb Code   100  rt_memcpy_w.o(.text)
    _memcpy_lastbytes_aligned                0x0800053f   Thumb Code     0  rt_memcpy_w.o(.text)
    __user_setup_stackheap                   0x0800055b   Thumb Code    74  sys_stackheap_outer.o(.text)
    exit                                     0x080005a5   Thumb Code    18  exit.o(.text)
    __user_libspace                          0x080005b9   Thumb Code     8  libspace.o(.text)
    __user_perproc_libspace                  0x080005b9   Thumb Code     0  libspace.o(.text)
    __user_perthread_libspace                0x080005b9   Thumb Code     0  libspace.o(.text)
    _sys_exit                                0x080005c1   Thumb Code     8  sys_exit.o(.text)
    __I$use$semihosting                      0x080005cd   Thumb Code     0  use_no_semi.o(.text)
    __use_no_semihosting_swi                 0x080005cd   Thumb Code     2  use_no_semi.o(.text)
    __semihosting_library_function           0x080005cf   Thumb Code     0  indicate_semi.o(.text)
    Init_LEDs                                0x080005d1   Thumb Code    42  main.o(i.Init_LEDs)
    Init_USART3                              0x08000609   Thumb Code   228  main.o(i.Init_USART3)
    RCC_Init                                 0x080006f9   Thumb Code    80  main.o(i.RCC_Init)
    SysTick_Handler                          0x08000751   Thumb Code    50  port.o(i.SysTick_Handler)
    SystemInit                               0x08000789   Thumb Code    82  system_stm32f7xx.o(i.SystemInit)
    USART3_IRQHandler                        0x080007ed   Thumb Code   152  main.o(i.USART3_IRQHandler)
    USART3_send_byte                         0x080008b5   Thumb Code    22  main.o(i.USART3_send_byte)
    USART3_send_srt                          0x080008d1   Thumb Code    26  main.o(i.USART3_send_srt)
    main                                     0x080008ed   Thumb Code   106  main.o(i.main)
    pvPortMalloc                             0x08000e05   Thumb Code    98  heap_1.o(i.pvPortMalloc)
    pvTaskIncrementMutexHeldCount            0x08000e75   Thumb Code    26  tasks.o(i.pvTaskIncrementMutexHeldCount)
    pxPortInitialiseStack                    0x08000e95   Thumb Code    38  port.o(i.pxPortInitialiseStack)
    uxListRemove                             0x08000ec1   Thumb Code    40  list.o(i.uxListRemove)
    vListInitialise                          0x08000ee9   Thumb Code    26  list.o(i.vListInitialise)
    vListInitialiseItem                      0x08000f03   Thumb Code     6  list.o(i.vListInitialiseItem)
    vListInsert                              0x08000f09   Thumb Code    52  list.o(i.vListInsert)
    vListInsertEnd                           0x08000f3d   Thumb Code    24  list.o(i.vListInsertEnd)
    vPortEnterCritical                       0x08000f55   Thumb Code    34  port.o(i.vPortEnterCritical)
    vPortExitCritical                        0x08000f7d   Thumb Code    28  port.o(i.vPortExitCritical)
    vPortFree                                0x08000f9d   Thumb Code     2  heap_1.o(i.vPortFree)
    vPortSetupTimerInterrupt                 0x08000f9f   Thumb Code    22  port.o(i.vPortSetupTimerInterrupt)
    vTaskDelay                               0x08000fb5   Thumb Code    46  tasks.o(i.vTaskDelay)
    vTaskInternalSetTimeOutState             0x08000fe9   Thumb Code    14  tasks.o(i.vTaskInternalSetTimeOutState)
    vTaskLedBlue                             0x08001001   Thumb Code    66  main.o(i.vTaskLedBlue)
    vTaskLedRed                              0x08001061   Thumb Code    36  main.o(i.vTaskLedRed)
    vTaskMissedYield                         0x08001089   Thumb Code     8  tasks.o(i.vTaskMissedYield)
    vTaskPlaceOnEventList                    0x08001095   Thumb Code    28  tasks.o(i.vTaskPlaceOnEventList)
    vTaskPriorityDisinheritAfterTimeout      0x080010b5   Thumb Code   166  tasks.o(i.vTaskPriorityDisinheritAfterTimeout)
    vTaskStartScheduler                      0x08001165   Thumb Code    76  tasks.o(i.vTaskStartScheduler)
    vTaskSuspendAll                          0x080011cd   Thumb Code    12  tasks.o(i.vTaskSuspendAll)
    vTaskSwitchContext                       0x080011dd   Thumb Code    76  tasks.o(i.vTaskSwitchContext)
    xPortStartScheduler                      0x0800123d   Thumb Code    58  port.o(i.xPortStartScheduler)
    xQueueGenericCreate                      0x08001285   Thumb Code    58  queue.o(i.xQueueGenericCreate)
    xQueueGenericReset                       0x080012c1   Thumb Code   122  queue.o(i.xQueueGenericReset)
    xQueueGenericSend                        0x08001341   Thumb Code   276  queue.o(i.xQueueGenericSend)
    xQueueGiveFromISR                        0x08001459   Thumb Code   124  queue.o(i.xQueueGiveFromISR)
    xQueueSemaphoreTake                      0x080014d5   Thumb Code   300  queue.o(i.xQueueSemaphoreTake)
    xTaskCheckForTimeOut                     0x08001605   Thumb Code    84  tasks.o(i.xTaskCheckForTimeOut)
    xTaskCreate                              0x08001661   Thumb Code    96  tasks.o(i.xTaskCreate)
    xTaskIncrementTick                       0x080016c1   Thumb Code   238  tasks.o(i.xTaskIncrementTick)
    xTaskPriorityDisinherit                  0x080017dd   Thumb Code   122  tasks.o(i.xTaskPriorityDisinherit)
    xTaskPriorityInherit                     0x08001861   Thumb Code   186  tasks.o(i.xTaskPriorityInherit)
    xTaskRemoveFromEventList                 0x08001929   Thumb Code   104  tasks.o(i.xTaskRemoveFromEventList)
    xTaskResumeAll                           0x080019a9   Thumb Code   196  tasks.o(i.xTaskResumeAll)
    _fp_init                                 0x08001a91   Thumb Code    10  fpinit.o(x$fpl$fpinit)
    __fplib_config_fpu_vfp                   0x08001a99   Thumb Code     0  fpinit.o(x$fpl$fpinit)
    __fplib_config_pureend_doubles           0x08001a99   Thumb Code     0  fpinit.o(x$fpl$fpinit)
    Region$$Table$$Base                      0x08001a9c   Number         0  anon$$obj.o(Region$$Table)
    Region$$Table$$Limit                     0x08001abc   Number         0  anon$$obj.o(Region$$Table)
    xSemaphore                               0x20010000   Data           4  main.o(.data)
    uart3_rx_bit                             0x20010004   Data           1  main.o(.data)
    pxCurrentTCB                             0x20010010   Data           4  tasks.o(.data)
    byte_rx                                  0x20010054   Data          16  main.o(.bss)
    byte_tx                                  0x20010064   Data          16  main.o(.bss)
    __libspace_start                         0x2001453c   Data          96  libspace.o(.bss)
    __temporary_stack_top$libspace           0x2001459c   Data           0  libspace.o(.bss)



==============================================================================

Memory Map of the image

  Image Entry point : 0x080001c9

  Load Region LR_IROM1 (Base: 0x08000000, Size: 0x00001b10, Max: 0x00100000, ABSOLUTE)

    Execution Region ER_IROM1 (Base: 0x08000000, Size: 0x00001abc, Max: 0x00100000, ABSOLUTE)

    Base Addr    Size         Type   Attr      Idx    E Section Name        Object

    0x08000000   0x000001c8   Data   RO         1486    RESET               startup_stm32f746xx.o
    0x080001c8   0x00000008   Code   RO         1540  * !!!main             c_w.l(__main.o)
    0x080001d0   0x00000034   Code   RO         1699    !!!scatter          c_w.l(__scatter.o)
    0x08000204   0x0000001a   Code   RO         1701    !!handler_copy      c_w.l(__scatter_copy.o)
    0x0800021e   0x00000002   PAD
    0x08000220   0x0000001c   Code   RO         1703    !!handler_zi        c_w.l(__scatter_zi.o)
    0x0800023c   0x00000002   Code   RO         1569    .ARM.Collect$$libinit$$00000000  c_w.l(libinit.o)
    0x0800023e   0x00000004   Code   RO         1575    .ARM.Collect$$libinit$$00000001  c_w.l(libinit2.o)
    0x08000242   0x00000000   Code   RO         1578    .ARM.Collect$$libinit$$00000004  c_w.l(libinit2.o)
    0x08000242   0x00000000   Code   RO         1581    .ARM.Collect$$libinit$$0000000A  c_w.l(libinit2.o)
    0x08000242   0x00000000   Code   RO         1583    .ARM.Collect$$libinit$$0000000C  c_w.l(libinit2.o)
    0x08000242   0x00000000   Code   RO         1585    .ARM.Collect$$libinit$$0000000E  c_w.l(libinit2.o)
    0x08000242   0x00000000   Code   RO         1588    .ARM.Collect$$libinit$$00000011  c_w.l(libinit2.o)
    0x08000242   0x00000000   Code   RO         1590    .ARM.Collect$$libinit$$00000013  c_w.l(libinit2.o)
    0x08000242   0x00000000   Code   RO         1592    .ARM.Collect$$libinit$$00000015  c_w.l(libinit2.o)
    0x08000242   0x00000000   Code   RO         1594    .ARM.Collect$$libinit$$00000017  c_w.l(libinit2.o)
    0x08000242   0x00000000   Code   RO         1596    .ARM.Collect$$libinit$$00000019  c_w.l(libinit2.o)
    0x08000242   0x00000000   Code   RO         1598    .ARM.Collect$$libinit$$0000001B  c_w.l(libinit2.o)
    0x08000242   0x00000000   Code   RO         1600    .ARM.Collect$$libinit$$0000001D  c_w.l(libinit2.o)
    0x08000242   0x00000000   Code   RO         1602    .ARM.Collect$$libinit$$0000001F  c_w.l(libinit2.o)
    0x08000242   0x00000000   Code   RO         1604    .ARM.Collect$$libinit$$00000021  c_w.l(libinit2.o)
    0x08000242   0x00000000   Code   RO         1606    .ARM.Collect$$libinit$$00000023  c_w.l(libinit2.o)
    0x08000242   0x00000000   Code   RO         1608    .ARM.Collect$$libinit$$00000025  c_w.l(libinit2.o)
    0x08000242   0x00000000   Code   RO         1612    .ARM.Collect$$libinit$$0000002C  c_w.l(libinit2.o)
    0x08000242   0x00000000   Code   RO         1614    .ARM.Collect$$libinit$$0000002E  c_w.l(libinit2.o)
    0x08000242   0x00000000   Code   RO         1616    .ARM.Collect$$libinit$$00000030  c_w.l(libinit2.o)
    0x08000242   0x00000000   Code   RO         1618    .ARM.Collect$$libinit$$00000032  c_w.l(libinit2.o)
    0x08000242   0x00000002   Code   RO         1619    .ARM.Collect$$libinit$$00000033  c_w.l(libinit2.o)
    0x08000244   0x00000002   Code   RO         1639    .ARM.Collect$$libshutdown$$00000000  c_w.l(libshutdown.o)
    0x08000246   0x00000000   Code   RO         1652    .ARM.Collect$$libshutdown$$00000002  c_w.l(libshutdown2.o)
    0x08000246   0x00000000   Code   RO         1654    .ARM.Collect$$libshutdown$$00000004  c_w.l(libshutdown2.o)
    0x08000246   0x00000000   Code   RO         1657    .ARM.Collect$$libshutdown$$00000007  c_w.l(libshutdown2.o)
    0x08000246   0x00000000   Code   RO         1660    .ARM.Collect$$libshutdown$$0000000A  c_w.l(libshutdown2.o)
    0x08000246   0x00000000   Code   RO         1662    .ARM.Collect$$libshutdown$$0000000C  c_w.l(libshutdown2.o)
    0x08000246   0x00000000   Code   RO         1665    .ARM.Collect$$libshutdown$$0000000F  c_w.l(libshutdown2.o)
    0x08000246   0x00000002   Code   RO         1666    .ARM.Collect$$libshutdown$$00000010  c_w.l(libshutdown2.o)
    0x08000248   0x00000000   Code   RO         1542    .ARM.Collect$$rtentry$$00000000  c_w.l(__rtentry.o)
    0x08000248   0x00000000   Code   RO         1546    .ARM.Collect$$rtentry$$00000002  c_w.l(__rtentry2.o)
    0x08000248   0x00000006   Code   RO         1558    .ARM.Collect$$rtentry$$00000004  c_w.l(__rtentry4.o)
    0x0800024e   0x00000000   Code   RO         1548    .ARM.Collect$$rtentry$$00000009  c_w.l(__rtentry2.o)
    0x0800024e   0x00000004   Code   RO         1549    .ARM.Collect$$rtentry$$0000000A  c_w.l(__rtentry2.o)
    0x08000252   0x00000000   Code   RO         1551    .ARM.Collect$$rtentry$$0000000C  c_w.l(__rtentry2.o)
    0x08000252   0x00000008   Code   RO         1552    .ARM.Collect$$rtentry$$0000000D  c_w.l(__rtentry2.o)
    0x0800025a   0x00000002   Code   RO         1573    .ARM.Collect$$rtexit$$00000000  c_w.l(rtexit.o)
    0x0800025c   0x00000000   Code   RO         1621    .ARM.Collect$$rtexit$$00000002  c_w.l(rtexit2.o)
    0x0800025c   0x00000004   Code   RO         1622    .ARM.Collect$$rtexit$$00000003  c_w.l(rtexit2.o)
    0x08000260   0x00000006   Code   RO         1623    .ARM.Collect$$rtexit$$00000004  c_w.l(rtexit2.o)
    0x08000266   0x00000002   PAD
    0x08000268   0x000000c2   Code   RO          311    .emb_text           port.o
    0x0800032a   0x00000002   PAD
    0x0800032c   0x00000040   Code   RO         1487    .text               startup_stm32f746xx.o
    0x0800036c   0x0000008a   Code   RO         1530    .text               c_w.l(rt_memcpy_v6.o)
    0x080003f6   0x00000044   Code   RO         1532    .text               c_w.l(rt_memclr.o)
    0x0800043a   0x0000004e   Code   RO         1534    .text               c_w.l(rt_memclr_w.o)
    0x08000488   0x00000068   Code   RO         1536    .text               c_w.l(strcmpv7m_pel.o)
    0x080004f0   0x00000006   Code   RO         1538    .text               c_w.l(heapauxi.o)
    0x080004f6   0x00000064   Code   RO         1543    .text               c_w.l(rt_memcpy_w.o)
    0x0800055a   0x0000004a   Code   RO         1560    .text               c_w.l(sys_stackheap_outer.o)
    0x080005a4   0x00000012   Code   RO         1562    .text               c_w.l(exit.o)
    0x080005b6   0x00000002   PAD
    0x080005b8   0x00000008   Code   RO         1570    .text               c_w.l(libspace.o)
    0x080005c0   0x0000000c   Code   RO         1631    .text               c_w.l(sys_exit.o)
    0x080005cc   0x00000002   Code   RO         1642    .text               c_w.l(use_no_semi.o)
    0x080005ce   0x00000000   Code   RO         1644    .text               c_w.l(indicate_semi.o)
    0x080005ce   0x00000002   PAD
    0x080005d0   0x00000038   Code   RO            5    i.Init_LEDs         main.o
    0x08000608   0x000000f0   Code   RO            6    i.Init_USART3       main.o
    0x080006f8   0x00000058   Code   RO            7    i.RCC_Init          main.o
    0x08000750   0x00000038   Code   RO          312    i.SysTick_Handler   port.o
    0x08000788   0x00000064   Code   RO         1495    i.SystemInit        system_stm32f7xx.o
    0x080007ec   0x000000c8   Code   RO            8    i.USART3_IRQHandler  main.o
    0x080008b4   0x0000001c   Code   RO            9    i.USART3_send_byte  main.o
    0x080008d0   0x0000001a   Code   RO           10    i.USART3_send_srt   main.o
    0x080008ea   0x00000002   PAD
    0x080008ec   0x00000094   Code   RO           11    i.main              main.o
    0x08000980   0x00000098   Code   RO          678    i.prvAddCurrentTaskToDelayedList  tasks.o
    0x08000a18   0x000000b4   Code   RO          679    i.prvAddNewTaskToReadyList  tasks.o
    0x08000acc   0x00000048   Code   RO          680    i.prvCheckTasksWaitingTermination  tasks.o
    0x08000b14   0x0000007e   Code   RO          383    i.prvCopyDataToQueue  queue.o
    0x08000b92   0x00000012   Code   RO          681    i.prvDeleteTCB      tasks.o
    0x08000ba4   0x00000014   Code   RO          384    i.prvGetDisinheritPriorityAfterTimeout  queue.o
    0x08000bb8   0x00000028   Code   RO          682    i.prvIdleTask       tasks.o
    0x08000be0   0x00000026   Code   RO          386    i.prvInitialiseNewQueue  queue.o
    0x08000c06   0x00000090   Code   RO          683    i.prvInitialiseNewTask  tasks.o
    0x08000c96   0x00000002   PAD
    0x08000c98   0x00000068   Code   RO          684    i.prvInitialiseTaskLists  tasks.o
    0x08000d00   0x0000001a   Code   RO          387    i.prvIsQueueEmpty   queue.o
    0x08000d1a   0x0000001e   Code   RO          388    i.prvIsQueueFull    queue.o
    0x08000d38   0x00000034   Code   RO          685    i.prvResetNextTaskUnblockTime  tasks.o
    0x08000d6c   0x0000001a   Code   RO          313    i.prvTaskExitError  port.o
    0x08000d86   0x0000007e   Code   RO          389    i.prvUnlockQueue    queue.o
    0x08000e04   0x00000070   Code   RO          993    i.pvPortMalloc      heap_1.o
    0x08000e74   0x00000020   Code   RO          687    i.pvTaskIncrementMutexHeldCount  tasks.o
    0x08000e94   0x0000002c   Code   RO          314    i.pxPortInitialiseStack  port.o
    0x08000ec0   0x00000028   Code   RO          272    i.uxListRemove      list.o
    0x08000ee8   0x0000001a   Code   RO          273    i.vListInitialise   list.o
    0x08000f02   0x00000006   Code   RO          274    i.vListInitialiseItem  list.o
    0x08000f08   0x00000034   Code   RO          275    i.vListInsert       list.o
    0x08000f3c   0x00000018   Code   RO          276    i.vListInsertEnd    list.o
    0x08000f54   0x00000028   Code   RO          316    i.vPortEnterCritical  port.o
    0x08000f7c   0x00000020   Code   RO          317    i.vPortExitCritical  port.o
    0x08000f9c   0x00000002   Code   RO          994    i.vPortFree         heap_1.o
    0x08000f9e   0x00000016   Code   RO          318    i.vPortSetupTimerInterrupt  port.o
    0x08000fb4   0x00000034   Code   RO          693    i.vTaskDelay        tasks.o
    0x08000fe8   0x00000018   Code   RO          697    i.vTaskInternalSetTimeOutState  tasks.o
    0x08001000   0x00000060   Code   RO           13    i.vTaskLedBlue      main.o
    0x08001060   0x00000028   Code   RO           14    i.vTaskLedRed       main.o
    0x08001088   0x0000000c   Code   RO          698    i.vTaskMissedYield  tasks.o
    0x08001094   0x00000020   Code   RO          700    i.vTaskPlaceOnEventList  tasks.o
    0x080010b4   0x000000b0   Code   RO          702    i.vTaskPriorityDisinheritAfterTimeout  tasks.o
    0x08001164   0x00000068   Code   RO          707    i.vTaskStartScheduler  tasks.o
    0x080011cc   0x00000010   Code   RO          709    i.vTaskSuspendAll   tasks.o
    0x080011dc   0x00000060   Code   RO          710    i.vTaskSwitchContext  tasks.o
    0x0800123c   0x00000048   Code   RO          319    i.xPortStartScheduler  port.o
    0x08001284   0x0000003a   Code   RO          395    i.xQueueGenericCreate  queue.o
    0x080012be   0x00000002   PAD
    0x080012c0   0x00000080   Code   RO          396    i.xQueueGenericReset  queue.o
    0x08001340   0x00000118   Code   RO          397    i.xQueueGenericSend  queue.o
    0x08001458   0x0000007c   Code   RO          399    i.xQueueGiveFromISR  queue.o
    0x080014d4   0x00000130   Code   RO          406    i.xQueueSemaphoreTake  queue.o
    0x08001604   0x0000005c   Code   RO          711    i.xTaskCheckForTimeOut  tasks.o
    0x08001660   0x00000060   Code   RO          712    i.xTaskCreate       tasks.o
    0x080016c0   0x0000011c   Code   RO          718    i.xTaskIncrementTick  tasks.o
    0x080017dc   0x00000084   Code   RO          721    i.xTaskPriorityDisinherit  tasks.o
    0x08001860   0x000000c8   Code   RO          722    i.xTaskPriorityInherit  tasks.o
    0x08001928   0x00000080   Code   RO          723    i.xTaskRemoveFromEventList  tasks.o
    0x080019a8   0x000000e8   Code   RO          724    i.xTaskResumeAll    tasks.o
    0x08001a90   0x0000000a   Code   RO         1629    x$fpl$fpinit        fz_wm.l(fpinit.o)
    0x08001a9a   0x00000002   PAD
    0x08001a9c   0x00000020   Data   RO         1697    Region$$Table       anon$$obj.o


    Execution Region RW_IRAM1 (Base: 0x20010000, Size: 0x00004ba0, Max: 0x00040000, ABSOLUTE)

    Base Addr    Size         Type   Attr      Idx    E Section Name        Object

    0x20010000   0x0000000c   Data   RW           16    .data               main.o
    0x2001000c   0x00000004   Data   RW          320    .data               port.o
    0x20010010   0x0000003c   Data   RW          727    .data               tasks.o
    0x2001004c   0x00000008   Data   RW          998    .data               heap_1.o
    0x20010054   0x00000020   Zero   RW           15    .bss                main.o
    0x20010074   0x000000c8   Zero   RW          726    .bss                tasks.o
    0x2001013c   0x00004400   Zero   RW          997    .bss                heap_1.o
    0x2001453c   0x00000060   Zero   RW         1571    .bss                c_w.l(libspace.o)
    0x2001459c   0x00000004   PAD
    0x200145a0   0x00000200   Zero   RW         1485    HEAP                startup_stm32f746xx.o
    0x200147a0   0x00000400   Zero   RW         1484    STACK               startup_stm32f746xx.o


==============================================================================

Image component sizes


      Code (inc. data)   RO Data    RW Data    ZI Data      Debug   Object Name

         0          0          0          0          0       9376   event_groups.o
       114         14          0          8      17408       1759   heap_1.o
       148          0          0          0          0       3006   list.o
       922        164          0         12         32     677295   main.o
       486         52          0          4          0       8744   port.o
      1260         14          0          0          0      12381   queue.o
        64         26        456          0       1536        840   startup_stm32f746xx.o
       100         18          0          0          0        501   system_stm32f7xx.o
      2470        352          0         60        200      26800   tasks.o

    ----------------------------------------------------------------------
      5572        640        488         84      19176     740702   Object Totals
         0          0         32          0          0          0   (incl. Generated)
         8          0          0          0          0          0   (incl. Padding)

    ----------------------------------------------------------------------

      Code (inc. data)   RO Data    RW Data    ZI Data      Debug   Library Member Name

         8          0          0          0          0         68   __main.o
         0          0          0          0          0          0   __rtentry.o
        12          0          0          0          0          0   __rtentry2.o
         6          0          0          0          0          0   __rtentry4.o
        52          8          0          0          0          0   __scatter.o
        26          0          0          0          0          0   __scatter_copy.o
        28          0          0          0          0          0   __scatter_zi.o
        18          0          0          0          0         80   exit.o
         6          0          0          0          0        152   heapauxi.o
         0          0          0          0          0          0   indicate_semi.o
         2          0          0          0          0          0   libinit.o
         6          0          0          0          0          0   libinit2.o
         2          0          0          0          0          0   libshutdown.o
         2          0          0          0          0          0   libshutdown2.o
         8          4          0          0         96         68   libspace.o
        68          0          0          0          0         68   rt_memclr.o
        78          0          0          0          0         80   rt_memclr_w.o
       138          0          0          0          0         68   rt_memcpy_v6.o
       100          0          0          0          0         80   rt_memcpy_w.o
         2          0          0          0          0          0   rtexit.o
        10          0          0          0          0          0   rtexit2.o
       104          0          0          0          0         68   strcmpv7m_pel.o
        12          4          0          0          0         68   sys_exit.o
        74          0          0          0          0         80   sys_stackheap_outer.o
         2          0          0          0          0         68   use_no_semi.o
        10          0          0          0          0        116   fpinit.o

    ----------------------------------------------------------------------
       784         16          0          0        100       1064   Library Totals
        10          0          0          0          4          0   (incl. Padding)

    ----------------------------------------------------------------------

      Code (inc. data)   RO Data    RW Data    ZI Data      Debug   Library Name

       764         16          0          0         96        948   c_w.l
        10          0          0          0          0        116   fz_wm.l

    ----------------------------------------------------------------------
       784         16          0          0        100       1064   Library Totals

    ----------------------------------------------------------------------

==============================================================================


      Code (inc. data)   RO Data    RW Data    ZI Data      Debug   

      6356        656        488         84      19276     735850   Grand Totals
      6356        656        488         84      19276     735850   ELF Image Totals
      6356        656        488         84          0          0   ROM Totals

==============================================================================

    Total RO  Size (Code + RO Data)                 6844 (   6.68kB)
    Total RW  Size (RW Data + ZI Data)             19360 (  18.91kB)
    Total ROM Size (Code + RO Data + RW Data)       6928 (   6.77kB)

==============================================================================

